Component: ARM Compiler 5.06 update 1 (build 61) Tool: armlink [4d35a8]

==============================================================================

Section Cross References

    startup_stm32f215xx.o(RESET) refers to startup_stm32f215xx.o(STACK) for __initial_sp
    startup_stm32f215xx.o(RESET) refers to startup_stm32f215xx.o(.text) for Reset_Handler
    startup_stm32f215xx.o(RESET) refers to stm32f2xx_it.o(i.SysTick_Handler) for SysTick_Handler
    startup_stm32f215xx.o(RESET) refers to stm32f2xx_it.o(i.DMA1_Stream0_IRQHandler) for DMA1_Stream0_IRQHandler
    startup_stm32f215xx.o(RESET) refers to stm32f2xx_it.o(i.DMA1_Stream2_IRQHandler) for DMA1_Stream2_IRQHandler
    startup_stm32f215xx.o(RESET) refers to stm32f2xx_it.o(i.DMA1_Stream4_IRQHandler) for DMA1_Stream4_IRQHandler
    startup_stm32f215xx.o(RESET) refers to stm32f2xx_it.o(i.DMA1_Stream5_IRQHandler) for DMA1_Stream5_IRQHandler
    startup_stm32f215xx.o(RESET) refers to stm32f2xx_it.o(i.CAN1_TX_IRQHandler) for CAN1_TX_IRQHandler
    startup_stm32f215xx.o(RESET) refers to stm32f2xx_it.o(i.CAN1_RX0_IRQHandler) for CAN1_RX0_IRQHandler
    startup_stm32f215xx.o(RESET) refers to stm32f2xx_it.o(i.CAN1_RX1_IRQHandler) for CAN1_RX1_IRQHandler
    startup_stm32f215xx.o(RESET) refers to calc_vibration.o(i.TIM3_IRQHandler) for TIM3_IRQHandler
    startup_stm32f215xx.o(RESET) refers to stm32f2xx_it.o(i.SPI1_IRQHandler) for SPI1_IRQHandler
    startup_stm32f215xx.o(RESET) refers to stm32f2xx_it.o(i.SPI3_IRQHandler) for SPI3_IRQHandler
    startup_stm32f215xx.o(RESET) refers to stm32f2xx_it.o(i.UART4_IRQHandler) for UART4_IRQHandler
    startup_stm32f215xx.o(RESET) refers to calc_vibration.o(i.TIM7_IRQHandler) for TIM7_IRQHandler
    startup_stm32f215xx.o(RESET) refers to stm32f2xx_it.o(i.DMA2_Stream1_IRQHandler) for DMA2_Stream1_IRQHandler
    startup_stm32f215xx.o(RESET) refers to stm32f2xx_it.o(i.DMA2_Stream2_IRQHandler) for DMA2_Stream2_IRQHandler
    startup_stm32f215xx.o(RESET) refers to stm32f2xx_it.o(i.DMA2_Stream3_IRQHandler) for DMA2_Stream3_IRQHandler
    startup_stm32f215xx.o(RESET) refers to stm32f2xx_it.o(i.OTG_HS_IRQHandler) for OTG_HS_IRQHandler
    startup_stm32f215xx.o(.text) refers to system_stm32f2xx.o(i.SystemInit) for SystemInit
    startup_stm32f215xx.o(.text) refers to entry.o(.ARM.Collect$$$$00000000) for __main
    can.o(i.HAL_CAN_MspDeInit) refers to stm32f2xx_hal_gpio.o(i.HAL_GPIO_DeInit) for HAL_GPIO_DeInit
    can.o(i.HAL_CAN_MspDeInit) refers to stm32f2xx_hal_cortex.o(i.HAL_NVIC_DisableIRQ) for HAL_NVIC_DisableIRQ
    can.o(i.HAL_CAN_MspInit) refers to stm32f2xx_hal_gpio.o(i.HAL_GPIO_Init) for HAL_GPIO_Init
    can.o(i.HAL_CAN_MspInit) refers to stm32f2xx_hal_cortex.o(i.HAL_NVIC_SetPriority) for HAL_NVIC_SetPriority
    can.o(i.HAL_CAN_MspInit) refers to stm32f2xx_hal_cortex.o(i.HAL_NVIC_EnableIRQ) for HAL_NVIC_EnableIRQ
    can.o(i.HAL_CAN_RxCpltCallback) refers to stm32f2xx_hal_can.o(i.HAL_CAN_Receive_IT) for HAL_CAN_Receive_IT
    can.o(i.HAL_CAN_RxCpltCallback) refers to can.o(.data) for .data
    can.o(i.HAL_CAN_RxCpltCallback) refers to can.o(.bss) for .bss
    can.o(i.MX_CAN1_Init) refers to stm32f2xx_hal_can.o(i.HAL_CAN_Init) for HAL_CAN_Init
    can.o(i.MX_CAN1_Init) refers to stm32f2xx_hal_can.o(i.HAL_CAN_ConfigFilter) for HAL_CAN_ConfigFilter
    can.o(i.MX_CAN1_Init) refers to stm32f2xx_hal_can.o(i.HAL_CAN_Receive_IT) for HAL_CAN_Receive_IT
    can.o(i.MX_CAN1_Init) refers to can.o(.bss) for .bss
    can.o(i.Thread_CAN_out) refers to memseta.o(.text) for __aeabi_memclr4
    can.o(i.Thread_CAN_out) refers to stm32f2xx_hal_can.o(i.HAL_CAN_Transmit) for HAL_CAN_Transmit
    can.o(i.Thread_CAN_out) refers to can.o(.data) for .data
    can.o(i.Thread_CAN_out) refers to can.o(.bss) for .bss
    can.o(i.Thread_CAN_out) refers to vsk.o(.data) for bit_vsk_1_canal_plati
    can.o(i.Thread_CAN_out) refers to calc_vibration.o(.data) for vibr_1_canal_to_can
    can.o(i.Thread_CAN_out) refers to core.o(.data) for usb_connect_can
    dma.o(i.MX_DMA_Init) refers to stm32f2xx_hal_dma.o(i.HAL_DMA_Init) for HAL_DMA_Init
    dma.o(i.MX_DMA_Init) refers to stm32f2xx_hal_cortex.o(i.HAL_NVIC_SetPriority) for HAL_NVIC_SetPriority
    dma.o(i.MX_DMA_Init) refers to stm32f2xx_hal_cortex.o(i.HAL_NVIC_EnableIRQ) for HAL_NVIC_EnableIRQ
    dma.o(i.MX_DMA_Init) refers to dma.o(.bss) for .bss
    fsmc.o(i.HAL_FSMC_MspInit) refers to stm32f2xx_hal_gpio.o(i.HAL_GPIO_Init) for HAL_GPIO_Init
    fsmc.o(i.HAL_FSMC_MspInit) refers to fsmc.o(.data) for .data
    fsmc.o(i.HAL_NAND_MspDeInit) refers to stm32f2xx_hal_gpio.o(i.HAL_GPIO_DeInit) for HAL_GPIO_DeInit
    fsmc.o(i.HAL_NAND_MspDeInit) refers to fsmc.o(.data) for .data
    fsmc.o(i.HAL_NAND_MspInit) refers to fsmc.o(i.HAL_FSMC_MspInit) for HAL_FSMC_MspInit
    fsmc.o(i.MX_FSMC_Init) refers to stm32f2xx_hal_nand.o(i.HAL_NAND_Init) for HAL_NAND_Init
    fsmc.o(i.MX_FSMC_Init) refers to fsmc.o(.bss) for .bss
[...]
    HAL_TIM_IC_CaptureCallback               0x080053e3   Thumb Code     2  stm32f2xx_hal_tim.o(i.HAL_TIM_IC_CaptureCallback)
    HAL_TIM_IRQHandler                       0x080053e5   Thumb Code   378  stm32f2xx_hal_tim.o(i.HAL_TIM_IRQHandler)
    HAL_TIM_OC_DelayElapsedCallback          0x0800555f   Thumb Code     2  stm32f2xx_hal_tim.o(i.HAL_TIM_OC_DelayElapsedCallback)
    HAL_TIM_PWM_PulseFinishedCallback        0x08005561   Thumb Code     2  stm32f2xx_hal_tim.o(i.HAL_TIM_PWM_PulseFinishedCallback)
    HAL_TIM_PeriodElapsedCallback            0x08005563   Thumb Code     4  calc_vibration.o(i.HAL_TIM_PeriodElapsedCallback)
    HAL_TIM_TriggerCallback                  0x08005567   Thumb Code     2  stm32f2xx_hal_tim.o(i.HAL_TIM_TriggerCallback)
    HAL_UART_ErrorCallback                   0x08005569   Thumb Code     2  stm32f2xx_hal_uart.o(i.HAL_UART_ErrorCallback)
    HAL_UART_IRQHandler                      0x0800556b   Thumb Code   246  stm32f2xx_hal_uart.o(i.HAL_UART_IRQHandler)
    HAL_UART_Init                            0x08005661   Thumb Code    92  stm32f2xx_hal_uart.o(i.HAL_UART_Init)
    HAL_UART_MspInit                         0x080056bd   Thumb Code   188  usart.o(i.HAL_UART_MspInit)
    HAL_UART_Receive_DMA                     0x0800578d   Thumb Code   128  stm32f2xx_hal_uart.o(i.HAL_UART_Receive_DMA)
    HAL_UART_RxCpltCallback                  0x08005819   Thumb Code     8  usart_work.o(i.HAL_UART_RxCpltCallback)
    HAL_UART_RxHalfCpltCallback              0x08005829   Thumb Code     2  stm32f2xx_hal_uart.o(i.HAL_UART_RxHalfCpltCallback)
    HAL_UART_Transmit                        0x0800582d   Thumb Code   204  stm32f2xx_hal_uart.o(i.HAL_UART_Transmit)
    HAL_UART_TxCpltCallback                  0x080058f9   Thumb Code     2  stm32f2xx_hal_uart.o(i.HAL_UART_TxCpltCallback)
    HOLT_CORE_handleSlotTD                   0x080058fd   Thumb Code   176  holtcore.o(i.HOLT_CORE_handleSlotTD)
    Init_Driver                              0x080059ad   Thumb Code    52  nand_mt29f_lld.o(i.Init_Driver)
    Init_Koeff                               0x080059f1   Thumb Code    54  usart_work.o(i.Init_Koeff)
    MAP_add                                  0x08005a35   Thumb Code   158  map.o(i.MAP_add)
    MAP_binarySearch                         0x08005ad3   Thumb Code    70  map.o(i.MAP_binarySearch)
    MAP_getElement                           0x08005b19   Thumb Code    30  map.o(i.MAP_getElement)
    MAP_init                                 0x08005b37   Thumb Code     8  map.o(i.MAP_init)
    MX_ADC3_Init                             0x08005b41   Thumb Code   102  adc.o(i.MX_ADC3_Init)
    MX_CAN1_Init                             0x08005bb1   Thumb Code   140  can.o(i.MX_CAN1_Init)
    MX_DAC_Init                              0x08005c45   Thumb Code    44  dac.o(i.MX_DAC_Init)
    MX_DMA_Init                              0x08005c79   Thumb Code   170  dma.o(i.MX_DMA_Init)
    MX_GPIO_Init                             0x08005d31   Thumb Code   332  gpio.o(i.MX_GPIO_Init)
    MX_RNG_Init                              0x08005e9d   Thumb Code    12  rng.o(i.MX_RNG_Init)
    MX_SPI1_Init                             0x08005eb1   Thumb Code    46  spi.o(i.MX_SPI1_Init)
    MX_SPI3_Init                             0x08005ee9   Thumb Code    46  spi.o(i.MX_SPI3_Init)
    MX_TIM3_Init                             0x08005f21   Thumb Code    36  timcore.o(i.MX_TIM3_Init)
    MX_TIM7_Init                             0x08005f4d   Thumb Code    36  timcore.o(i.MX_TIM7_Init)
    MX_UART4_Init                            0x08005f79   Thumb Code    32  usart.o(i.MX_UART4_Init)
    MX_USB_DEVICE_Init                       0x08005fa1   Thumb Code    38  usb_device.o(i.MX_USB_DEVICE_Init)
    NAND_Block_Erase                         0x08005fd9   Thumb Code   112  nand_mt29f_lld.o(i.NAND_Block_Erase)
    NAND_Page_Program                        0x08006055   Thumb Code   154  nand_mt29f_lld.o(i.NAND_Page_Program)
    NAND_Page_Read                           0x08006101   Thumb Code   140  nand_mt29f_lld.o(i.NAND_Page_Read)
    NAND_Read_ID_ONFI                        0x0800619d   Thumb Code    42  nand_mt29f_lld.o(i.NAND_Read_ID_ONFI)
    NAND_Read_Param_Page                     0x080061d1   Thumb Code   392  nand_mt29f_lld.o(i.NAND_Read_Param_Page)
    NAND_Read_Status                         0x08006369   Thumb Code    32  nand_mt29f_lld.o(i.NAND_Read_Status)
    NAND_Reset                               0x08006391   Thumb Code    22  nand_mt29f_lld.o(i.NAND_Reset)
    NAND_Spare_Program                       0x080063ad   Thumb Code   158  nand_mt29f_lld.o(i.NAND_Spare_Program)
    NAND_Spare_Read                          0x0800645d   Thumb Code   142  nand_mt29f_lld.o(i.NAND_Spare_Read)
    OTG_HS_IRQHandler                        0x0800651d   Thumb Code    18  stm32f2xx_it.o(i.OTG_HS_IRQHandler)
    OV                                       0x08006535   Thumb Code    28  calc_vibration.o(i.OV)
    PLATFORM_Init                            0x080065ed   Thumb Code   294  nand_mt29f_lld.o(i.PLATFORM_Init)
    PLATFORM_Wait                            0x0800672d   Thumb Code    18  nand_mt29f_lld.o(i.PLATFORM_Wait)
    RELE_OFF                                 0x08006745   Thumb Code    60  vsk.o(i.RELE_OFF)
    Read_ADC_1                               0x08006789   Thumb Code    68  calc_vibration.o(i.Read_ADC_1)
    Read_ADC_2                               0x080067d5   Thumb Code    68  calc_vibration.o(i.Read_ADC_2)
    SKZ_1                                    0x08006821   Thumb Code   156  vsk.o(i.SKZ_1)
    SKZ_2                                    0x080068cd   Thumb Code   156  vsk.o(i.SKZ_2)
    SPI1_IRQHandler                          0x08006979   Thumb Code    18  stm32f2xx_it.o(i.SPI1_IRQHandler)
    SPI3_IRQHandler                          0x08006991   Thumb Code    18  stm32f2xx_it.o(i.SPI3_IRQHandler)
    Sinus_calculate                          0x08006a3d   Thumb Code   108  vsk.o(i.Sinus_calculate)
    SysTick_Handler                          0x08006abd   Thumb Code    14  stm32f2xx_it.o(i.SysTick_Handler)
    SystemClock_Config                       0x08006acb   Thumb Code    74  main.o(i.SystemClock_Config)
    SystemInit                               0x08006b15   Thumb Code    54  system_stm32f2xx.o(i.SystemInit)
    TIM3_IRQHandler                          0x08006b5d   Thumb Code   360  calc_vibration.o(i.TIM3_IRQHandler)
    TIM6_Config                              0x08006d21   Thumb Code    58  timcore.o(i.TIM6_Config)
    TIM7_IRQHandler                          0x08006d69   Thumb Code   386  calc_vibration.o(i.TIM7_IRQHandler)
    TIM_Base_SetConfig                       0x08006f59   Thumb Code   148  stm32f2xx_hal_tim.o(i.TIM_Base_SetConfig)
    Thread_CAN_out                           0x08007019   Thumb Code   146  can.o(i.Thread_CAN_out)
    Thread_Control                           0x080070d9   Thumb Code   510  vsk.o(i.Thread_Control)
    UART4_IRQHandler                         0x08007319   Thumb Code     6  stm32f2xx_it.o(i.UART4_IRQHandler)
    USBD_CDC_GetDeviceQualifierDescriptor    0x08007791   Thumb Code     8  usbd_cdc.o(i.USBD_CDC_GetDeviceQualifierDescriptor)
    USBD_CDC_ReceivePacket                   0x08007849   Thumb Code    40  usbd_cdc.o(i.USBD_CDC_ReceivePacket)
    USBD_CDC_RegisterInterface               0x08007871   Thumb Code    16  usbd_cdc.o(i.USBD_CDC_RegisterInterface)
    USBD_CDC_SetRxBuffer                     0x08007881   Thumb Code    12  usbd_cdc.o(i.USBD_CDC_SetRxBuffer)
    USBD_CDC_SetTxBuffer                     0x0800788d   Thumb Code    16  usbd_cdc.o(i.USBD_CDC_SetTxBuffer)
    USBD_CDC_TransmitPacket                  0x080078e9   Thumb Code    48  usbd_cdc.o(i.USBD_CDC_TransmitPacket)
    USBD_ClrClassConfig                      0x08007919   Thumb Code    14  usbd_core.o(i.USBD_ClrClassConfig)
    USBD_CtlContinueRx                       0x08007927   Thumb Code    16  usbd_ioreq.o(i.USBD_CtlContinueRx)
    USBD_CtlContinueSendData                 0x08007937   Thumb Code    16  usbd_ioreq.o(i.USBD_CtlContinueSendData)
    USBD_CtlError                            0x08007947   Thumb Code    22  usbd_ctlreq.o(i.USBD_CtlError)
    USBD_CtlPrepareRx                        0x0800795d   Thumb Code    30  usbd_ioreq.o(i.USBD_CtlPrepareRx)
    USBD_CtlReceiveStatus                    0x0800797b   Thumb Code    22  usbd_ioreq.o(i.USBD_CtlReceiveStatus)
    USBD_CtlSendData                         0x08007991   Thumb Code    26  usbd_ioreq.o(i.USBD_CtlSendData)
    USBD_CtlSendStatus                       0x080079ab   Thumb Code    22  usbd_ioreq.o(i.USBD_CtlSendStatus)
    USBD_GetString                           0x08007aa1   Thumb Code    70  usbd_ctlreq.o(i.USBD_GetString)
    USBD_HS_ConfigStrDescriptor              0x08007ae9   Thumb Code    16  usbd_desc.o(i.USBD_HS_ConfigStrDescriptor)
    USBD_HS_DeviceDescriptor                 0x08007b11   Thumb Code     8  usbd_desc.o(i.USBD_HS_DeviceDescriptor)
    USBD_HS_InterfaceStrDescriptor           0x08007b1d   Thumb Code    16  usbd_desc.o(i.USBD_HS_InterfaceStrDescriptor)
    USBD_HS_LangIDStrDescriptor              0x08007b49   Thumb Code     8  usbd_desc.o(i.USBD_HS_LangIDStrDescriptor)
    USBD_HS_ManufacturerStrDescriptor        0x08007b55   Thumb Code    16  usbd_desc.o(i.USBD_HS_ManufacturerStrDescriptor)
    USBD_HS_ProductStrDescriptor             0x08007b75   Thumb Code    16  usbd_desc.o(i.USBD_HS_ProductStrDescriptor)
    USBD_HS_SerialStrDescriptor              0x08007b95   Thumb Code    16  usbd_desc.o(i.USBD_HS_SerialStrDescriptor)
    USBD_Init                                0x08007bb9   Thumb Code    42  usbd_core.o(i.USBD_Init)
    USBD_LL_ClearStallEP                     0x08007be3   Thumb Code    14  usbd_conf.o(i.USBD_LL_ClearStallEP)
    USBD_LL_CloseEP                          0x08007bf1   Thumb Code    14  usbd_conf.o(i.USBD_LL_CloseEP)
    USBD_LL_DataInStage                      0x08007bff   Thumb Code   160  usbd_core.o(i.USBD_LL_DataInStage)
    USBD_LL_DataOutStage                     0x08007c9f   Thumb Code   106  usbd_core.o(i.USBD_LL_DataOutStage)
    USBD_LL_DevConnected                     0x08007d09   Thumb Code     4  usbd_core.o(i.USBD_LL_DevConnected)
    USBD_LL_DevDisconnected                  0x08007d0d   Thumb Code    22  usbd_core.o(i.USBD_LL_DevDisconnected)
    USBD_LL_GetRxDataSize                    0x08007d23   Thumb Code     8  usbd_conf.o(i.USBD_LL_GetRxDataSize)
    USBD_LL_Init                             0x08007d2d   Thumb Code    90  usbd_conf.o(i.USBD_LL_Init)
    USBD_LL_IsStallEP                        0x08007d91   Thumb Code    32  usbd_conf.o(i.USBD_LL_IsStallEP)
    USBD_LL_IsoINIncomplete                  0x08007db1   Thumb Code     4  usbd_core.o(i.USBD_LL_IsoINIncomplete)
    USBD_LL_IsoOUTIncomplete                 0x08007db5   Thumb Code     4  usbd_core.o(i.USBD_LL_IsoOUTIncomplete)
    USBD_LL_OpenEP                           0x08007db9   Thumb Code    20  usbd_conf.o(i.USBD_LL_OpenEP)
    USBD_LL_PrepareReceive                   0x08007dcd   Thumb Code    14  usbd_conf.o(i.USBD_LL_PrepareReceive)
    USBD_LL_Reset                            0x08007ddb   Thumb Code    62  usbd_core.o(i.USBD_LL_Reset)
    USBD_LL_Resume                           0x08007e19   Thumb Code    12  usbd_core.o(i.USBD_LL_Resume)
    USBD_LL_SOF                              0x08007e25   Thumb Code    24  usbd_core.o(i.USBD_LL_SOF)
    USBD_LL_SetSpeed                         0x08007e3d   Thumb Code     6  usbd_core.o(i.USBD_LL_SetSpeed)
    USBD_LL_SetUSBAddress                    0x08007e43   Thumb Code    14  usbd_conf.o(i.USBD_LL_SetUSBAddress)
    USBD_LL_SetupStage                       0x08007e51   Thumb Code    90  usbd_core.o(i.USBD_LL_SetupStage)
    USBD_LL_StallEP                          0x08007eab   Thumb Code    14  usbd_conf.o(i.USBD_LL_StallEP)
    USBD_LL_Start                            0x08007eb9   Thumb Code    14  usbd_conf.o(i.USBD_LL_Start)
    USBD_LL_Suspend                          0x08007ec7   Thumb Code    18  usbd_core.o(i.USBD_LL_Suspend)
    USBD_LL_Transmit                         0x08007ed9   Thumb Code    14  usbd_conf.o(i.USBD_LL_Transmit)
    USBD_ParseSetupRequest                   0x08007ee7   Thumb Code    40  usbd_ctlreq.o(i.USBD_ParseSetupRequest)
    USBD_RegisterClass                       0x08007f0f   Thumb Code    16  usbd_core.o(i.USBD_RegisterClass)
    USBD_SetClassConfig                      0x08007f1f   Thumb Code    22  usbd_core.o(i.USBD_SetClassConfig)
    USBD_Start                               0x08007fa9   Thumb Code    10  usbd_core.o(i.USBD_Start)
    USBD_StdDevReq                           0x08007fb3   Thumb Code   242  usbd_ctlreq.o(i.USBD_StdDevReq)
    USBD_StdEPReq                            0x080080a5   Thumb Code   192  usbd_ctlreq.o(i.USBD_StdEPReq)
    USBD_StdItfReq                           0x08008165   Thumb Code    52  usbd_ctlreq.o(i.USBD_StdItfReq)
    USB_ActivateEndpoint                     0x08008199   Thumb Code   122  stm32f2xx_ll_usb.o(i.USB_ActivateEndpoint)
    USB_ActivateSetup                        0x08008219   Thumb Code    52  stm32f2xx_ll_usb.o(i.USB_ActivateSetup)
    USB_CORE_0x01                            0x0800824d   Thumb Code    56  usbcore.o(i.USB_CORE_0x01)
    USB_CORE_0x04                            0x08008289   Thumb Code    42  usbcore.o(i.USB_CORE_0x04)
    USB_CORE_0x05                            0x080082b3   Thumb Code    74  usbcore.o(i.USB_CORE_0x05)
    USB_CORE_0x07                            0x080082fd   Thumb Code    28  usbcore.o(i.USB_CORE_0x07)
    USB_CORE_0x08                            0x08008321   Thumb Code    38  usbcore.o(i.USB_CORE_0x08)
    USB_CORE_0x09                            0x08008349   Thumb Code    44  usbcore.o(i.USB_CORE_0x09)
    USB_CORE_0x1A                            0x08008381   Thumb Code   138  usbcore.o(i.USB_CORE_0x1A)
    USB_CORE_0x1B                            0x08008411   Thumb Code    18  usbcore.o(i.USB_CORE_0x1B)
    USB_CORE_0x1C                            0x08008431   Thumb Code    52  usbcore.o(i.USB_CORE_0x1C)
    USB_CORE_0x1D                            0x08008469   Thumb Code    18  usbcore.o(i.USB_CORE_0x1D)
    USB_CORE_0x1E                            0x08008489   Thumb Code    46  usbcore.o(i.USB_CORE_0x1E)
    USB_CORE_0x1F                            0x080084c9   Thumb Code    44  usbcore.o(i.USB_CORE_0x1F)
    USB_CORE_0x20                            0x08008501   Thumb Code    66  usbcore.o(i.USB_CORE_0x20)
    USB_CORE_0xFE                            0x08008555   Thumb Code    56  usbcore.o(i.USB_CORE_0xFE)
    USB_CORE_ErasePage                       0x08008591   Thumb Code    72  usbcore.o(i.USB_CORE_ErasePage)
    USB_CORE_FillConfigurationTable          0x080085dd   Thumb Code   128  usbcore.o(i.USB_CORE_FillConfigurationTable)
    USB_CORE_FillDataTypes                   0x08008665   Thumb Code   122  usbcore.o(i.USB_CORE_FillDataTypes)
    USB_CORE_FillFatPacket                   0x080086ed   Thumb Code   202  usbcore.o(i.USB_CORE_FillFatPacket)
    USB_CORE_FillSmdPacket                   0x080087c1   Thumb Code    62  usbcore.o(i.USB_CORE_FillSmdPacket)
    USB_CORE_FillSsd                         0x08008805   Thumb Code   124  usbcore.o(i.USB_CORE_FillSsd)
    USB_CORE_FillSsdPacket                   0x08008889   Thumb Code    60  usbcore.o(i.USB_CORE_FillSsdPacket)
    USB_CORE_clearPacket                     0x080088c9   Thumb Code    16  usbcore.o(i.USB_CORE_clearPacket)
    USB_CORE_clearPacketIndex                0x080088d9   Thumb Code    20  usbcore.o(i.USB_CORE_clearPacketIndex)
    USB_CORE_getPacketToPrepare              0x080088f1   Thumb Code    30  usbcore.o(i.USB_CORE_getPacketToPrepare)
    USB_CORE_getPacketToSent                 0x08008919   Thumb Code    30  usbcore.o(i.USB_CORE_getPacketToSent)
    USB_CORE_init                            0x08008941   Thumb Code   392  usbcore.o(i.USB_CORE_init)
    USB_CORE_initPacketManeger               0x08008b05   Thumb Code    26  usbcore.o(i.USB_CORE_initPacketManeger)
    USB_CORE_prepareNextPacket               0x08008b25   Thumb Code    52  usbcore.o(i.USB_CORE_prepareNextPacket)
    USB_CORE_requestHandler                  0x08008b5d   Thumb Code   106  usbcore.o(i.USB_CORE_requestHandler)
    USB_CORE_sendPacket                      0x08008bd1   Thumb Code    78  usbcore.o(i.USB_CORE_sendPacket)
    USB_CoreInit                             0x08008c25   Thumb Code   104  stm32f2xx_ll_usb.o(i.USB_CoreInit)
    USB_DeactivateEndpoint                   0x08008cc9   Thumb Code   110  stm32f2xx_ll_usb.o(i.USB_DeactivateEndpoint)
    USB_DevConnect                           0x08008d37   Thumb Code    24  stm32f2xx_ll_usb.o(i.USB_DevConnect)
    USB_DevDisconnect                        0x08008d4f   Thumb Code    24  stm32f2xx_ll_usb.o(i.USB_DevDisconnect)
    USB_DevInit                              0x08008d69   Thumb Code   306  stm32f2xx_ll_usb.o(i.USB_DevInit)
    USB_DisableGlobalInt                     0x08008ead   Thumb Code    12  stm32f2xx_ll_usb.o(i.USB_DisableGlobalInt)
    USB_EP0StartXfer                         0x08008eb9   Thumb Code   316  stm32f2xx_ll_usb.o(i.USB_EP0StartXfer)
    USB_EP0_OutStart                         0x08008ff9   Thumb Code    62  stm32f2xx_ll_usb.o(i.USB_EP0_OutStart)
    USB_EPClearStall                         0x08009037   Thumb Code   100  stm32f2xx_ll_usb.o(i.USB_EPClearStall)
    USB_EPSetStall                           0x0800909b   Thumb Code    94  stm32f2xx_ll_usb.o(i.USB_EPSetStall)
    USB_EPStartXfer                          0x080090f9   Thumb Code   534  stm32f2xx_ll_usb.o(i.USB_EPStartXfer)
    USB_EnableGlobalInt                      0x08009315   Thumb Code    12  stm32f2xx_ll_usb.o(i.USB_EnableGlobalInt)
    USB_FlushRxFifo                          0x08009321   Thumb Code    28  stm32f2xx_ll_usb.o(i.USB_FlushRxFifo)
    USB_FlushTxFifo                          0x08009341   Thumb Code    32  stm32f2xx_ll_usb.o(i.USB_FlushTxFifo)
    USB_GetDevSpeed                          0x08009365   Thumb Code    60  stm32f2xx_ll_usb.o(i.USB_GetDevSpeed)
    USB_GetMode                              0x080093a1   Thumb Code     8  stm32f2xx_ll_usb.o(i.USB_GetMode)
    USB_ReadDevAllInEpInterrupt              0x080093a9   Thumb Code    14  stm32f2xx_ll_usb.o(i.USB_ReadDevAllInEpInterrupt)
    USB_ReadDevAllOutEpInterrupt             0x080093b7   Thumb Code    14  stm32f2xx_ll_usb.o(i.USB_ReadDevAllOutEpInterrupt)
    USB_ReadDevInEPInterrupt                 0x080093c5   Thumb Code    30  stm32f2xx_ll_usb.o(i.USB_ReadDevInEPInterrupt)
    USB_ReadDevOutEPInterrupt                0x080093e3   Thumb Code    16  stm32f2xx_ll_usb.o(i.USB_ReadDevOutEPInterrupt)
    USB_ReadInterrupts                       0x080093f3   Thumb Code     8  stm32f2xx_ll_usb.o(i.USB_ReadInterrupts)
    USB_ReadPacket                           0x080093fb   Thumb Code    32  stm32f2xx_ll_usb.o(i.USB_ReadPacket)
    USB_SetCurrentMode                       0x0800941b   Thumb Code    44  stm32f2xx_ll_usb.o(i.USB_SetCurrentMode)
    USB_SetDevAddress                        0x08009447   Thumb Code    34  stm32f2xx_ll_usb.o(i.USB_SetDevAddress)
    USB_WritePacket                          0x08009469   Thumb Code    40  stm32f2xx_ll_usb.o(i.USB_WritePacket)
    Work_Usart                               0x08009491   Thumb Code    10  usart_work.o(i.Work_Usart)
    __ARM_fpclassify                         0x080094a5   Thumb Code    40  fpclassify.o(i.__ARM_fpclassify)
    __as_string                              0x080094cd   Thumb Code    26  nand_mt29f_lld.o(i.__as_string)
    __as_uint32                              0x080094e7   Thumb Code    14  nand_mt29f_lld.o(i.__as_uint32)
    __build_cycle_addr                       0x080094f5   Thumb Code   254  nand_mt29f_lld.o(i.__build_cycle_addr)
    __ieee754_rem_pio2                       0x080095f9   Thumb Code   828  rred.o(i.__ieee754_rem_pio2)
    __is_valid_addr                          0x08009981   Thumb Code    38  nand_mt29f_lld.o(i.__is_valid_addr)
    __kernel_cos                             0x080099ad   Thumb Code   230  cos_i.o(i.__kernel_cos)
    __kernel_poly                            0x08009aa9   Thumb Code   170  poly.o(i.__kernel_poly)
    __kernel_sin                             0x08009b55   Thumb Code   224  sin_i.o(i.__kernel_sin)
    __mathlib_dbl_infnan                     0x08009c41   Thumb Code     6  dunder.o(i.__mathlib_dbl_infnan)
    __mathlib_dbl_invalid                    0x08009c47   Thumb Code    12  dunder.o(i.__mathlib_dbl_invalid)
    __mathlib_dbl_underflow                  0x08009c55   Thumb Code    10  dunder.o(i.__mathlib_dbl_underflow)
    __scatterload_copy                       0x08009c65   Thumb Code    14  handlers.o(i.__scatterload_copy)
    __scatterload_null                       0x08009c73   Thumb Code     2  handlers.o(i.__scatterload_null)
    __scatterload_zeroinit                   0x08009c75   Thumb Code    14  handlers.o(i.__scatterload_zeroinit)
    __set_errno                              0x08009c85   Thumb Code     6  errno.o(i.__set_errno)
    __wait_for_ready                         0x08009c91   Thumb Code    52  nand_mt29f_lld.o(i.__wait_for_ready)
    fillConfTable                            0x08009cc9   Thumb Code   128  core.o(i.fillConfTable)
    flash_ready                              0x08009d4d   Thumb Code    12  usart_work.o(i.flash_ready)
    free                                     0x08009d5d   Thumb Code    76  malloc.o(i.free)
    getAvarage_1_canal                       0x08009dad   Thumb Code    10  calc_vibration.o(i.getAvarage_1_canal)
    getAvarage_2_canal                       0x08009dc1   Thumb Code    10  calc_vibration.o(i.getAvarage_2_canal)
    iir_1_canal                              0x08009dd5   Thumb Code   144  iir_filter.o(i.iir_1_canal)
    iir_2_canal                              0x08009e6d   Thumb Code   144  iir_filter.o(i.iir_2_canal)
    main                                     0x08009f05   Thumb Code   110  main.o(i.main)
    malloc                                   0x08009f79   Thumb Code    92  malloc.o(i.malloc)
    rbInit                                   0x08009fe5   Thumb Code    42  ringbuffer.o(i.rbInit)
    rbPop                                    0x0800a00f   Thumb Code    32  ringbuffer.o(i.rbPop)
    rbPopN                                   0x0800a02f   Thumb Code    36  ringbuffer.o(i.rbPopN)
    rbPush                                   0x0800a053   Thumb Code    30  ringbuffer.o(i.rbPush)
    rbPushN                                  0x0800a071   Thumb Code    36  ringbuffer.o(i.rbPushN)
    rbReadCapacity                           0x0800a095   Thumb Code     8  ringbuffer.o(i.rbReadCapacity)
    rbRoundNextPowerof2                      0x0800a09d   Thumb Code    22  ringbuffer.o(i.rbRoundNextPowerof2)
    sin                                      0x0800a0b5   Thumb Code   150  sin.o(i.sin)
    sqrt                                     0x0800a155   Thumb Code    76  sqrt.o(i.sqrt)
    APBAHBPrescTable                         0x0800a630   Data          16  stm32f2xx_hal_rcc.o(.constdata)
    Region$$Table$$Base                      0x0800a760   Number         0  anon$$obj.o(Region$$Table)
    Region$$Table$$Limit                     0x0800a780   Number         0  anon$$obj.o(Region$$Table)
    iTablo                                   0x20000000   Data           1  can.o(.data)
    DVR                                      0x20000001   Data           1  can.o(.data)
    timing                                   0x20000004   Data           4  can.o(.data)
    rb                                       0x20000010   Data           4  main.o(.data)
    hrng                                     0x20000014   Data           8  rng.o(.data)
    USBD_Interface_fops_HS                   0x2000001c   Data          16  usbd_cdc_if.o(.data)
    hUsbDevice_1                             0x2000002c   Data           4  usbd_cdc_if.o(.data)
    HS_Desc                                  0x20000030   Data          28  usbd_desc.o(.data)
    USBD_LangIDDesc                          0x2000004c   Data           4  usbd_desc.o(.data)
    USBD_HS_DeviceDesc                       0x20000050   Data          18  usbd_desc.o(.data)
    usb_connect_can                          0x20000064   Data           1  core.o(.data)
    CORE_mode                                0x20000074   Data           4  core.o(.data)
    driver_status                            0x20000188   Data           1  nand_mt29f_lld.o(.data)
    usbCore0x20endPage                       0x2000018c   Data           4  usbcore.o(.data)
    pCurrentFile                             0x20000190   Data           4  usbcore.o(.data)
    OV_1_canal                               0x20000194   Data           1  calc_vibration.o(.data)
    OV_2_canal                               0x20000195   Data           1  calc_vibration.o(.data)
    vibr_2_canal_to_can                      0x20000196   Data           2  calc_vibration.o(.data)
    vibr_1_canal_to_can                      0x20000198   Data           2  calc_vibration.o(.data)
    ADC1_code                                0x2000019a   Data           2  calc_vibration.o(.data)
    ADC2_code                                0x2000019c   Data           2  calc_vibration.o(.data)
    K1                                       0x200001a0   Data           4  calc_vibration.o(.data)
    K2                                       0x200001a4   Data           4  calc_vibration.o(.data)
    integral_2_canal                         0x200001a8   Data           4  calc_vibration.o(.data)
    integral_1_canal                         0x200001ac   Data           4  calc_vibration.o(.data)
    accelX_2_canal                           0x200001b0   Data           4  calc_vibration.o(.data)
    accelX_1_canal                           0x200001b4   Data           4  calc_vibration.o(.data)
    rollingX_2_canal                         0x200001b8   Data           4  calc_vibration.o(.data)
    rollingX_1_canal                         0x200001bc   Data           4  calc_vibration.o(.data)
    pik_2_canal                              0x200001c0   Data           4  calc_vibration.o(.data)
    pik_1_canal                              0x200001c4   Data           4  calc_vibration.o(.data)
    integral_old_2_canal                     0x200001c8   Data           4  calc_vibration.o(.data)
    integral_old_1_canal                     0x200001cc   Data           4  calc_vibration.o(.data)
    vibr_2_canal                             0x200001d0   Data           4  calc_vibration.o(.data)
    vibr_1_canal                             0x200001d4   Data           4  calc_vibration.o(.data)
    Timer_OV_1_canal                         0x200001d8   Data           4  calc_vibration.o(.data)
    Timer_OV_2_canal                         0x200001dc   Data           4  calc_vibration.o(.data)
    indexs_2_canal                           0x200001e0   Data           4  calc_vibration.o(.data)
    indexs_1_canal                           0x200001e4   Data           4  calc_vibration.o(.data)
    ADC1_DATA                                0x200001e8   Data           4  calc_vibration.o(.data)
    ADC2_DATA                                0x200001ec   Data           4  calc_vibration.o(.data)
    Sum_2_canal                              0x200001f0   Data           4  calc_vibration.o(.data)
    Sum_1_canal                              0x200001f4   Data           4  calc_vibration.o(.data)
    VSK_ZK_OBRIV_run                         0x200001f8   Data           1  vsk.o(.data)
    bit_vsk_1_canal_plati                    0x200001f9   Data           1  vsk.o(.data)
    bit_vsk_2_canal_plati                    0x200001fa   Data           1  vsk.o(.data)
    bit_vsk_1_kz_obriv                       0x200001fb   Data           1  vsk.o(.data)
    bit_vsk_2_kz_obriv                       0x200001fc   Data           1  vsk.o(.data)
    start_ADC1                               0x200001fd   Data           1  vsk.o(.data)
    ADC1_data_ready                          0x200001fe   Data           1  vsk.o(.data)
    start_ADC2                               0x200001ff   Data           1  vsk.o(.data)
    ADC2_data_ready                          0x20000200   Data           1  vsk.o(.data)
    counter_ADC1                             0x20000204   Data           4  vsk.o(.data)
    counter_ADC2                             0x20000208   Data           4  vsk.o(.data)
    Timer_VSK                                0x2000020c   Data           4  vsk.o(.data)
    RMS_1                                    0x20000210   Data           4  vsk.o(.data)
    data_temp                                0x20000214   Data           4  vsk.o(.data)
    RMS_2                                    0x20000218   Data           4  vsk.o(.data)
    rawADC                                   0x2000021c   Data           8  vsk.o(.data)
    u16_dateFlash                            0x20000226   Data           8  usart_work.o(.data)
    SystemCoreClock                          0x20000230   Data           4  system_stm32f2xx.o(.data)
    AHBPrescTable                            0x20000234   Data          16  system_stm32f2xx.o(.data)
    USBD_CDC_CfgHSDesc                       0x20000254   Data          51  usbd_cdc.o(.data)
    USBD_CDC_CfgFSDesc                       0x20000288   Data          51  usbd_cdc.o(.data)
    USBD_CDC_OtherSpeedCfgDesc               0x200002bc   Data          51  usbd_cdc.o(.data)
    USBD_CDC                                 0x200002f0   Data          56  usbd_cdc.o(.data)
    __microlib_freelist                      0x2000032c   Data           4  mvars.o(.data)
    __microlib_freelist_initialised          0x20000330   Data           4  mvars.o(.data)
    hcan1                                    0x200003a8   Data          64  can.o(.bss)
    hdma_memtomem_dma2_stream0               0x200003e8   Data          80  dma.o(.bss)
    hdma_memtomem_dma2_stream1               0x20000438   Data          80  dma.o(.bss)
    hUsbDeviceHS                             0x20000488   Data         548  usb_device.o(.bss)
    UserRxBufferHS                           0x200006ac   Data         512  usbd_cdc_if.o(.bss)
    UserTxBufferHS                           0x200008ac   Data         512  usbd_cdc_if.o(.bss)
    hpcd_USB_OTG_HS                          0x20000aac   Data         944  usbd_conf.o(.bss)
    USBD_StrDesc                             0x20000e5c   Data         512  usbd_desc.o(.bss)
    hspi1                                    0x2000105c   Data          84  spi.o(.bss)
    hspi3                                    0x200010b0   Data          84  spi.o(.bss)
    hdma_spi1_rx                             0x20001104   Data          80  spi.o(.bss)
    hdma_spi1_tx                             0x20001154   Data          80  spi.o(.bss)
    hdma_spi3_rx                             0x200011a4   Data          80  spi.o(.bss)
    hdma_spi3_tx                             0x200011f4   Data          80  spi.o(.bss)
    hdac                                     0x20001244   Data          20  dac.o(.bss)
    hdma_dac1                                0x20001258   Data          80  dac.o(.bss)
    huart4                                   0x200012a8   Data          60  usart.o(.bss)
    hdma_uart4_rx                            0x200012e4   Data          80  usart.o(.bss)
    hdma_uart4_tx                            0x20001334   Data          80  usart.o(.bss)
    configurationTable                       0x20001384   Data        1036  core.o(.bss)
    FAT                                      0x20001790   Data          12  core.o(.bss)
    pagesQueue                               0x2000179c   Data       17320  core.o(.bss)
    arinc                                    0x20005b44   Data        8584  core.o(.bss)
    badBlocksList                            0x20007ccc   Data         512  filesystem.o(.bss)
    nandHandle                               0x20007ecc   Data          56  nand_mt29f_lld.o(.bss)
    device_info                              0x20007f04   Data          96  nand_mt29f_lld.o(.bss)
    packetManeger                            0x20007f64   Data       16504  usbcore.o(.bss)
    usbCoreAnswers                           0x2000bfdc   Data         388  usbcore.o(.bss)
    htim3                                    0x2000c160   Data          60  timcore.o(.bss)
    htim7                                    0x2000c19c   Data          60  timcore.o(.bss)
    htim                                     0x2000c1d8   Data          60  timcore.o(.bss)
    History_1_canal                          0x2000c214   Data          52  calc_vibration.o(.bss)
    History_2_canal                          0x2000c248   Data          52  calc_vibration.o(.bss)
    buffer_2_canal_av                        0x2000c27c   Data        4800  calc_vibration.o(.bss)
    buffer_1_canal_av                        0x2000d53c   Data       24000  calc_vibration.o(.bss)
    DATA4DAC                                 0x2001338c   Data         720  vsk.o(.bss)
    mass_ADC1                                0x2001365c   Data         256  vsk.o(.bss)
    mass_ADC2                                0x2001375c   Data         256  vsk.o(.bss)
    hadc3                                    0x2001385c   Data          68  adc.o(.bss)
    hdma_adc3                                0x200138a0   Data          80  adc.o(.bss)
    aRxBuffer                                0x200138f0   Data          10  usart_work.o(.bss)
    pFlash                                   0x200138fc   Data          24  stm32f2xx_hal_flash.o(.bss)
    __heap_base                              0x20013918   Data           0  startup_stm32f215xx.o(HEAP)
    __heap_limit                             0x20017918   Data           0  startup_stm32f215xx.o(HEAP)
    __initial_sp                             0x2001d918   Data           0  startup_stm32f215xx.o(STACK)



==============================================================================

Memory Map of the image

  Image Entry point : 0x08000189

  Load Region LR_IROM1 (Base: 0x08000000, Size: 0x0000aab8, Max: 0x00100000, ABSOLUTE, COMPRESSED[0x0000a94c])

    Execution Region ER_IROM1 (Base: 0x08000000, Size: 0x0000a780, Max: 0x00100000, ABSOLUTE)

    Base Addr    Size         Type   Attr      Idx    E Section Name        Object

    0x08000000   0x00000188   Data   RO            3    RESET               startup_stm32f215xx.o
    0x08000188   0x00000000   Code   RO         6971  * .ARM.Collect$$$$00000000  mc_w.l(entry.o)
    0x08000188   0x00000004   Code   RO         7339    .ARM.Collect$$$$00000001  mc_w.l(entry2.o)
    0x0800018c   0x00000004   Code   RO         7342    .ARM.Collect$$$$00000004  mc_w.l(entry5.o)
    0x08000190   0x00000000   Code   RO         7344    .ARM.Collect$$$$00000008  mc_w.l(entry7b.o)
    0x08000190   0x00000000   Code   RO         7346    .ARM.Collect$$$$0000000A  mc_w.l(entry8b.o)
    0x08000190   0x00000008   Code   RO         7347    .ARM.Collect$$$$0000000B  mc_w.l(entry9a.o)
    0x08000198   0x00000000   Code   RO         7349    .ARM.Collect$$$$0000000D  mc_w.l(entry10a.o)
    0x08000198   0x00000000   Code   RO         7351    .ARM.Collect$$$$0000000F  mc_w.l(entry11a.o)
    0x08000198   0x00000004   Code   RO         7340    .ARM.Collect$$$$00002712  mc_w.l(entry2.o)
    0x0800019c   0x00000024   Code   RO            4    .text               startup_stm32f215xx.o
    0x080001c0   0x00000040   Code   RO         6976    .text               mc_w.l(memmovea.o)
    0x08000200   0x00000024   Code   RO         6978    .text               mc_w.l(memseta.o)
    0x08000224   0x00000018   Code   RO         6980    .text               mc_w.l(strncpy.o)
    0x0800023c   0x0000001c   Code   RO         6982    .text               mc_w.l(strcmp.o)
    0x08000258   0x0000001c   Code   RO         7279    .text               mc_w.l(calloc.o)
    0x08000274   0x000000b0   Code   RO         7281    .text               mf_w.l(fadd.o)
    0x08000324   0x00000064   Code   RO         7283    .text               mf_w.l(fmul.o)
    0x08000388   0x0000007c   Code   RO         7285    .text               mf_w.l(fdiv.o)
    0x08000404   0x00000018   Code   RO         7287    .text               mf_w.l(fscalb.o)
    0x0800041c   0x0000014e   Code   RO         7289    .text               mf_w.l(dadd.o)
    0x0800056a   0x000000e4   Code   RO         7291    .text               mf_w.l(dmul.o)
    0x0800064e   0x000000de   Code   RO         7293    .text               mf_w.l(ddiv.o)
    0x0800072c   0x0000002e   Code   RO         7295    .text               mf_w.l(dscalb.o)
    0x0800075a   0x00000012   Code   RO         7297    .text               mf_w.l(fflti.o)
    0x0800076c   0x0000000a   Code   RO         7299    .text               mf_w.l(ffltui.o)
    0x08000776   0x0000001a   Code   RO         7301    .text               mf_w.l(dfltui.o)
    0x08000790   0x00000028   Code   RO         7303    .text               mf_w.l(ffixui.o)
    0x080007b8   0x00000032   Code   RO         7305    .text               mf_w.l(dfixui.o)
    0x080007ea   0x00000026   Code   RO         7307    .text               mf_w.l(f2d.o)
    0x08000810   0x00000038   Code   RO         7309    .text               mf_w.l(d2f.o)
    0x08000848   0x0000001e   Code   RO         7360    .text               mc_w.l(llshl.o)
    0x08000866   0x00000020   Code   RO         7362    .text               mc_w.l(llushr.o)
    0x08000886   0x00000024   Code   RO         7364    .text               mc_w.l(llsshr.o)
    0x080008aa   0x00000000   Code   RO         7375    .text               mc_w.l(iusefp.o)
    0x080008aa   0x0000006e   Code   RO         7376    .text               mf_w.l(fepilogue.o)
    0x08000918   0x000000ba   Code   RO         7378    .text               mf_w.l(depilogue.o)
    0x080009d2   0x000000a2   Code   RO         7380    .text               mf_w.l(dsqrt.o)
    0x08000a74   0x00000024   Code   RO         7392    .text               mc_w.l(init.o)
    0x08000a98   0x00000022   Code   RO         7396    .text               mf_w.l(dflti.o)
    0x08000aba   0x0000003e   Code   RO         7398    .text               mf_w.l(dfixi.o)
    0x08000af8   0x00000056   Code   RO         7408    .text               mc_w.l(__dczerorl2.o)
    0x08000b4e   0x00000002   PAD
    0x08000b50   0x0000001e   Code   RO         2986    i.ADC_DMAConvCplt   stm32f2xx_hal_adc.o
    0x08000b6e   0x00000018   Code   RO         2987    i.ADC_DMAError      stm32f2xx_hal_adc.o
    0x08000b86   0x0000000a   Code   RO         2988    i.ADC_DMAHalfConvCplt  stm32f2xx_hal_adc.o
    0x08000b90   0x0000011c   Code   RO         2989    i.ADC_Init          stm32f2xx_hal_adc.o
    0x08000cac   0x00000044   Code   RO         2368    i.AddNewValue_1_canal  calc_vibration.o
    0x08000cf0   0x00000040   Code   RO         2369    i.AddNewValue_2_canal  calc_vibration.o
    0x08000d30   0x0000000c   Code   RO          382    i.CAN1_RX0_IRQHandler  stm32f2xx_it.o
    0x08000d3c   0x0000000c   Code   RO          383    i.CAN1_RX1_IRQHandler  stm32f2xx_it.o
    0x08000d48   0x0000000c   Code   RO          384    i.CAN1_TX_IRQHandler  stm32f2xx_it.o
    0x08000d54   0x0000013c   Code   RO         3253    i.CAN_Receive_IT    stm32f2xx_hal_can.o
    0x08000e90   0x00000060   Code   RO         3254    i.CAN_Transmit_IT   stm32f2xx_hal_can.o
    0x08000ef0   0x00000004   Code   RO          581    i.CDC_Control_HS    usbd_cdc_if.o
    0x08000ef4   0x00000004   Code   RO          582    i.CDC_DeInit_HS     usbd_cdc_if.o
    0x08000ef8   0x0000002c   Code   RO          583    i.CDC_Init_HS       usbd_cdc_if.o
    0x08000f24   0x00000018   Code   RO          584    i.CDC_Receive_HS    usbd_cdc_if.o
    0x08000f3c   0x0000001c   Code   RO          585    i.CDC_Transmit_HS   usbd_cdc_if.o
    0x08000f58   0x00000012   Code   RO         1062    i.CORE_deviceMode   core.o
    0x08000f6a   0x00000002   PAD
    0x08000f6c   0x0000000c   Code   RO         1063    i.CORE_getErasingBlock  core.o
    0x08000f78   0x00000074   Code   RO         1065    i.CORE_init         core.o
    0x08000fec   0x00000010   Code   RO         1066    i.CORE_initClearBadBlocks  core.o
    0x08000ffc   0x00000010   Code   RO         1067    i.CORE_initEraseMainMemory  core.o
    0x0800100c   0x0000000c   Code   RO         1068    i.CORE_isErasing    core.o
    0x08001018   0x00000024   Code   RO         1069    i.CORE_threadClearBadBlocks  core.o
    0x0800103c   0x0000004c   Code   RO         1070    i.CORE_threadClearNextBlock  core.o
    0x08001088   0x00000034   Code   RO         1071    i.CORE_threadEraseMainMemory  core.o
    0x080010bc   0x000000d8   Code   RO         1072    i.CORE_threadGetData  core.o
    0x08001194   0x0000000c   Code   RO         1074    i.CORE_threadMain   core.o
    0x080011a0   0x00000058   Code   RO         1075    i.CORE_threadSaveToMemory  core.o
    0x080011f8   0x00000038   Code   RO         1076    i.CORE_usbMode      core.o
    0x08001230   0x00000024   Code   RO         1207    i.CRC32             crc.o
    0x08001254   0x0000000c   Code   RO         1208    i.CRC32_            crc.o
    0x08001260   0x0000001c   Code   RO         1209    i.CRC8              crc.o
    0x0800127c   0x00000006   Code   RO         1210    i.CRC8_             crc.o
    0x08001282   0x00000002   PAD
    0x08001284   0x00000038   Code   RO         2634    i.Crc16             usart_work.o
    0x080012bc   0x00000010   Code   RO         5944    i.DAC_DMAConvCpltCh1  stm32f2xx_hal_dac.o
    0x080012cc   0x00000010   Code   RO         6081    i.DAC_DMAConvCpltCh2  stm32f2xx_hal_dac_ex.o
    0x080012dc   0x00000018   Code   RO         5945    i.DAC_DMAErrorCh1   stm32f2xx_hal_dac.o
    0x080012f4   0x00000018   Code   RO         6082    i.DAC_DMAErrorCh2   stm32f2xx_hal_dac_ex.o
    0x0800130c   0x0000000a   Code   RO         5946    i.DAC_DMAHalfConvCpltCh1  stm32f2xx_hal_dac.o
    0x08001316   0x0000000a   Code   RO         6083    i.DAC_DMAHalfConvCpltCh2  stm32f2xx_hal_dac_ex.o
    0x08001320   0x00000018   Code   RO          385    i.DMA1_Stream0_IRQHandler  stm32f2xx_it.o
    0x08001338   0x0000000c   Code   RO          386    i.DMA1_Stream2_IRQHandler  stm32f2xx_it.o
    0x08001344   0x0000000c   Code   RO          387    i.DMA1_Stream4_IRQHandler  stm32f2xx_it.o
    0x08001350   0x0000000c   Code   RO          388    i.DMA1_Stream5_IRQHandler  stm32f2xx_it.o
    0x0800135c   0x0000000c   Code   RO          389    i.DMA2_Stream1_IRQHandler  stm32f2xx_it.o
    0x08001368   0x00000018   Code   RO          390    i.DMA2_Stream2_IRQHandler  stm32f2xx_it.o
    0x08001380   0x00000018   Code   RO          391    i.DMA2_Stream3_IRQHandler  stm32f2xx_it.o
    0x08001398   0x0000001e   Code   RO         3492    i.DMA_SetConfig     stm32f2xx_hal_dma.o
    0x080013b6   0x00000002   PAD
    0x080013b8   0x0000007c   Code   RO         2370    i.FIFO              calc_vibration.o
    0x08001434   0x00000034   Code   RO         1348    i.FILE_SYSTEM_clearBadBlocksList_  filesystem.o
    0x08001468   0x00000028   Code   RO         1349    i.FILE_SYSTEM_clearFatTable  filesystem.o
    0x08001490   0x000001d2   Code   RO         1350    i.FILE_SYSTEM_createFatTable  filesystem.o
    0x08001662   0x0000002a   Code   RO         1351    i.FILE_SYSTEM_eraseBlock  filesystem.o
    0x0800168c   0x0000001e   Code   RO         1352    i.FILE_SYSTEM_generateNandAddress  filesystem.o
    0x080016aa   0x00000038   Code   RO         1353    i.FILE_SYSTEM_getLastPageAddressInBlock  filesystem.o
    0x080016e2   0x00000018   Code   RO         1354    i.FILE_SYSTEM_getNextBlockAddress  filesystem.o
    0x080016fa   0x00000002   PAD
    0x080016fc   0x0000000c   Code   RO         1356    i.FILE_SYSTEM_getPtrToBadBlocksList  filesystem.o
    0x08001708   0x0000004a   Code   RO         1357    i.FILE_SYSTEM_getSparePageData  filesystem.o
    0x08001752   0x00000012   Code   RO         1358    i.FILE_SYSTEM_init  filesystem.o
    0x08001764   0x00000024   Code   RO         1359    i.FILE_SYSTEM_isBadBlock  filesystem.o
    0x08001788   0x00000006   Code   RO         1360    i.FILE_SYSTEM_isBadBlockAtAddress  filesystem.o
    0x0800178e   0x00000096   Code   RO         1362    i.FILE_SYSTEM_newFile  filesystem.o
    0x08001824   0x00000036   Code   RO         1365    i.FILE_SYSTEM_readHoltConfiguration  filesystem.o
    0x0800185a   0x00000018   Code   RO         1366    i.FILE_SYSTEM_readPage  filesystem.o
    0x08001872   0x0000002a   Code   RO         1367    i.FILE_SYSTEM_readPage_  filesystem.o
    0x0800189c   0x00000018   Code   RO         1368    i.FILE_SYSTEM_readSparePage  filesystem.o
    0x080018b4   0x0000002a   Code   RO         1369    i.FILE_SYSTEM_readSparePage_  filesystem.o
    0x080018de   0x00000002   PAD
    0x080018e0   0x00000030   Code   RO         1371    i.FILE_SYSTEM_saveBadBlockStatusToMemmory  filesystem.o
    0x08001910   0x00000004   Code   RO         1372    i.FILE_SYSTEM_saveConfigurationTable  filesystem.o
    0x08001914   0x0000000e   Code   RO         1373    i.FILE_SYSTEM_saveHoltConfiguration  filesystem.o
    0x08001922   0x00000010   Code   RO         1374    i.FILE_SYSTEM_setBadBlock  filesystem.o
    0x08001932   0x000000c8   Code   RO         1376    i.FILE_SYSTEM_writeDataToFile  filesystem.o
    0x080019fa   0x00000018   Code   RO         1377    i.FILE_SYSTEM_writePage  filesystem.o
    0x08001a12   0x00000018   Code   RO         1379    i.FILE_SYSTEM_writeSparePage  filesystem.o
    0x08001a2a   0x00000002   PAD
    0x08001a2c   0x00000060   Code   RO         3716    i.FLASH_Erase_Sector  stm32f2xx_hal_flash_ex.o
    0x08001a8c   0x00000020   Code   RO         3602    i.FLASH_Program_Byte  stm32f2xx_hal_flash.o
    0x08001aac   0x00000028   Code   RO         3603    i.FLASH_Program_DoubleWord  stm32f2xx_hal_flash.o
    0x08001ad4   0x00000024   Code   RO         3604    i.FLASH_Program_HalfWord  stm32f2xx_hal_flash.o
    0x08001af8   0x00000024   Code   RO         3605    i.FLASH_Program_Word  stm32f2xx_hal_flash.o
    0x08001b1c   0x00000060   Code   RO         3606    i.FLASH_SetErrorCode  stm32f2xx_hal_flash.o
    0x08001b7c   0x00000038   Code   RO         3607    i.FLASH_WaitForLastOperation  stm32f2xx_hal_flash.o
    0x08001bb4   0x00000024   Code   RO         4618    i.FSMC_NAND_AttributeSpace_Timing_Init  stm32f2xx_ll_fsmc.o
    0x08001bd8   0x00000024   Code   RO         4619    i.FSMC_NAND_CommonSpace_Timing_Init  stm32f2xx_ll_fsmc.o
    0x08001bfc   0x00000030   Code   RO         4624    i.FSMC_NAND_Init    stm32f2xx_ll_fsmc.o
    0x08001c2c   0x0000008c   Code   RO         2636    i.Flash_program_16  usart_work.o
    0x08001cb8   0x0000015c   Code   RO         2637    i.Fn_Monitor        usart_work.o
    0x08001e14   0x00000120   Code   RO         2991    i.HAL_ADC_ConfigChannel  stm32f2xx_hal_adc.o
    0x08001f34   0x00000002   Code   RO         2992    i.HAL_ADC_ConvCpltCallback  stm32f2xx_hal_adc.o
    0x08001f36   0x00000002   Code   RO         2993    i.HAL_ADC_ConvHalfCpltCallback  stm32f2xx_hal_adc.o
    0x08001f38   0x00000002   Code   RO         2995    i.HAL_ADC_ErrorCallback  stm32f2xx_hal_adc.o
    0x08001f3a   0x00000034   Code   RO         3000    i.HAL_ADC_Init      stm32f2xx_hal_adc.o
    0x08001f6e   0x00000002   PAD
    0x08001f70   0x0000007c   Code   RO         2597    i.HAL_ADC_MspInit   adc.o
    0x08001fec   0x00000098   Code   RO         3007    i.HAL_ADC_Start_DMA  stm32f2xx_hal_adc.o
    0x08002084   0x000000e4   Code   RO         3255    i.HAL_CAN_ConfigFilter  stm32f2xx_hal_can.o
    0x08002168   0x00000002   Code   RO         3257    i.HAL_CAN_ErrorCallback  stm32f2xx_hal_can.o
    0x0800216a   0x00000002   PAD
    0x0800216c   0x0000019c   Code   RO         3260    i.HAL_CAN_IRQHandler  stm32f2xx_hal_can.o
    0x08002308   0x00000142   Code   RO         3261    i.HAL_CAN_Init      stm32f2xx_hal_can.o
    0x0800244a   0x00000002   PAD
    0x0800244c   0x00000074   Code   RO           13    i.HAL_CAN_MspInit   can.o
    0x080024c0   0x00000086   Code   RO         3265    i.HAL_CAN_Receive_IT  stm32f2xx_hal_can.o
    0x08002546   0x00000002   PAD
    0x08002548   0x00000044   Code   RO           14    i.HAL_CAN_RxCpltCallback  can.o
    0x0800258c   0x00000184   Code   RO         3268    i.HAL_CAN_Transmit  stm32f2xx_hal_can.o
    0x08002710   0x00000002   Code   RO         3270    i.HAL_CAN_TxCpltCallback  stm32f2xx_hal_can.o
    0x08002712   0x00000002   Code   RO         6084    i.HAL_DACEx_ConvCpltCallbackCh2  stm32f2xx_hal_dac_ex.o
    0x08002714   0x00000002   Code   RO         6085    i.HAL_DACEx_ConvHalfCpltCallbackCh2  stm32f2xx_hal_dac_ex.o
    0x08002716   0x00000002   Code   RO         6089    i.HAL_DACEx_ErrorCallbackCh2  stm32f2xx_hal_dac_ex.o
    0x08002718   0x00000044   Code   RO         5947    i.HAL_DAC_ConfigChannel  stm32f2xx_hal_dac.o
    0x0800275c   0x00000002   Code   RO         5948    i.HAL_DAC_ConvCpltCallbackCh1  stm32f2xx_hal_dac.o
    0x0800275e   0x00000002   Code   RO         5949    i.HAL_DAC_ConvHalfCpltCallbackCh1  stm32f2xx_hal_dac.o
    0x08002760   0x00000002   Code   RO         5952    i.HAL_DAC_ErrorCallbackCh1  stm32f2xx_hal_dac.o
    0x08002762   0x00000026   Code   RO         5957    i.HAL_DAC_Init      stm32f2xx_hal_dac.o
    0x08002788   0x00000098   Code   RO          987    i.HAL_DAC_MspInit   dac.o
    0x08002820   0x000000f8   Code   RO         5962    i.HAL_DAC_Start_DMA  stm32f2xx_hal_dac.o
    0x08002918   0x00000016   Code   RO         5963    i.HAL_DAC_Stop      stm32f2xx_hal_dac.o
    0x0800292e   0x00000002   PAD
    0x08002930   0x00000db8   Code   RO         3497    i.HAL_DMA_IRQHandler  stm32f2xx_hal_dma.o
    0x080036e8   0x00000070   Code   RO         3498    i.HAL_DMA_Init      stm32f2xx_hal_dma.o
    0x08003758   0x0000006c   Code   RO         3501    i.HAL_DMA_Start_IT  stm32f2xx_hal_dma.o
    0x080037c4   0x00000018   Code   RO         2863    i.HAL_Delay         stm32f2xx_hal.o
    0x080037dc   0x00000014   Code   RO         3611    i.HAL_FLASH_Lock    stm32f2xx_hal_flash.o
    0x080037f0   0x0000007c   Code   RO         3616    i.HAL_FLASH_Program  stm32f2xx_hal_flash.o
    0x0800386c   0x00000028   Code   RO         3618    i.HAL_FLASH_Unlock  stm32f2xx_hal_flash.o
    0x08003894   0x0000007c   Code   RO          205    i.HAL_FSMC_MspInit  fsmc.o
    0x08003910   0x00000224   Code   RO         3769    i.HAL_GPIO_Init     stm32f2xx_hal_gpio.o
    0x08003b34   0x0000000a   Code   RO         3770    i.HAL_GPIO_ReadPin  stm32f2xx_hal_gpio.o
    0x08003b3e   0x0000000a   Code   RO         3772    i.HAL_GPIO_WritePin  stm32f2xx_hal_gpio.o
    0x08003b48   0x0000000c   Code   RO         2875    i.HAL_GetTick       stm32f2xx_hal.o
    0x08003b54   0x00000048   Code   RO         2876    i.HAL_IncTick       stm32f2xx_hal.o
    0x08003b9c   0x00000030   Code   RO         2877    i.HAL_Init          stm32f2xx_hal.o
    0x08003bcc   0x00000002   Code   RO         2879    i.HAL_MspInit       stm32f2xx_hal.o
    0x08003bce   0x0000005c   Code   RO         3831    i.HAL_NAND_Init     stm32f2xx_hal_nand.o
    0x08003c2a   0x00000004   Code   RO          207    i.HAL_NAND_MspInit  fsmc.o
    0x08003c2e   0x00000016   Code   RO         3379    i.HAL_NVIC_ClearPendingIRQ  stm32f2xx_hal_cortex.o
    0x08003c44   0x00000016   Code   RO         3380    i.HAL_NVIC_DisableIRQ  stm32f2xx_hal_cortex.o
    0x08003c5a   0x00000016   Code   RO         3381    i.HAL_NVIC_EnableIRQ  stm32f2xx_hal_cortex.o
    0x08003c70   0x00000040   Code   RO         3387    i.HAL_NVIC_SetPriority  stm32f2xx_hal_cortex.o
    0x08003cb0   0x00000024   Code   RO         3388    i.HAL_NVIC_SetPriorityGrouping  stm32f2xx_hal_cortex.o
    0x08003cd4   0x00000008   Code   RO          687    i.HAL_PCD_ConnectCallback  usbd_conf.o
    0x08003cdc   0x00000012   Code   RO          688    i.HAL_PCD_DataInStageCallback  usbd_conf.o
    0x08003cee   0x00000014   Code   RO          689    i.HAL_PCD_DataOutStageCallback  usbd_conf.o
    0x08003d02   0x00000008   Code   RO          690    i.HAL_PCD_DisconnectCallback  usbd_conf.o
    0x08003d0a   0x00000044   Code   RO         3959    i.HAL_PCD_EP_Close  stm32f2xx_hal_pcd.o
    0x08003d4e   0x00000050   Code   RO         3960    i.HAL_PCD_EP_ClrStall  stm32f2xx_hal_pcd.o
    0x08003d9e   0x00000014   Code   RO         3962    i.HAL_PCD_EP_GetRxCount  stm32f2xx_hal_pcd.o
    0x08003db2   0x00000054   Code   RO         3963    i.HAL_PCD_EP_Open   stm32f2xx_hal_pcd.o
    0x08003e06   0x00000002   PAD
    0x08003e08   0x0000005e   Code   RO         3964    i.HAL_PCD_EP_Receive  stm32f2xx_hal_pcd.o
    0x08003e66   0x00000060   Code   RO         3965    i.HAL_PCD_EP_SetStall  stm32f2xx_hal_pcd.o
    0x08003ec6   0x00000056   Code   RO         3966    i.HAL_PCD_EP_Transmit  stm32f2xx_hal_pcd.o
    0x08003f1c   0x00000406   Code   RO         3968    i.HAL_PCD_IRQHandler  stm32f2xx_hal_pcd.o
    0x08004322   0x00000008   Code   RO          691    i.HAL_PCD_ISOINIncompleteCallback  usbd_conf.o
    0x0800432a   0x00000008   Code   RO          692    i.HAL_PCD_ISOOUTIncompleteCallback  usbd_conf.o
    0x08004332   0x00000002   PAD
    0x08004334   0x000000be   Code   RO         3971    i.HAL_PCD_Init      stm32f2xx_hal_pcd.o
    0x080043f2   0x00000002   PAD
    0x080043f4   0x00000068   Code   RO          694    i.HAL_PCD_MspInit   usbd_conf.o
    0x0800445c   0x00000020   Code   RO          695    i.HAL_PCD_ResetCallback  usbd_conf.o
    0x0800447c   0x00000008   Code   RO          696    i.HAL_PCD_ResumeCallback  usbd_conf.o
    0x08004484   0x00000008   Code   RO          697    i.HAL_PCD_SOFCallback  usbd_conf.o
    0x0800448c   0x00000024   Code   RO         3977    i.HAL_PCD_SetAddress  stm32f2xx_hal_pcd.o
    0x080044b0   0x00000008   Code   RO         3978    i.HAL_PCD_SetRxFiFo  stm32f2xx_hal_pcd.o
    0x080044b8   0x00000044   Code   RO         3979    i.HAL_PCD_SetTxFiFo  stm32f2xx_hal_pcd.o
    0x080044fc   0x0000000e   Code   RO          698    i.HAL_PCD_SetupStageCallback  usbd_conf.o
    0x0800450a   0x0000002a   Code   RO         3981    i.HAL_PCD_Start     stm32f2xx_hal_pcd.o
    0x08004534   0x00000008   Code   RO          699    i.HAL_PCD_SuspendCallback  usbd_conf.o
    0x0800453c   0x000001cc   Code   RO         4304    i.HAL_RCC_ClockConfig  stm32f2xx_hal_rcc.o
    0x08004708   0x0000000c   Code   RO         4307    i.HAL_RCC_EnableCSS  stm32f2xx_hal_rcc.o
    0x08004714   0x00000034   Code   RO         4309    i.HAL_RCC_GetHCLKFreq  stm32f2xx_hal_rcc.o
    0x08004748   0x0000002c   Code   RO         4311    i.HAL_RCC_GetPCLK1Freq  stm32f2xx_hal_rcc.o
    0x08004774   0x0000002c   Code   RO         4312    i.HAL_RCC_GetPCLK2Freq  stm32f2xx_hal_rcc.o
    0x080047a0   0x00000080   Code   RO         4313    i.HAL_RCC_GetSysClockFreq  stm32f2xx_hal_rcc.o
    0x08004820   0x0000031c   Code   RO         4316    i.HAL_RCC_OscConfig  stm32f2xx_hal_rcc.o
    0x08004b3c   0x00000028   Code   RO         5025    i.HAL_RNG_Init      stm32f2xx_hal_rng.o
    0x08004b64   0x0000001c   Code   RO          491    i.HAL_RNG_MspInit   rng.o
    0x08004b80   0x00000002   Code   RO         4435    i.HAL_SPI_ErrorCallback  stm32f2xx_hal_spi.o
    0x08004b82   0x00000006   Code   RO         4437    i.HAL_SPI_GetState  stm32f2xx_hal_spi.o
    0x08004b88   0x000000c8   Code   RO         4438    i.HAL_SPI_IRQHandler  stm32f2xx_hal_spi.o
    0x08004c50   0x00000082   Code   RO         4439    i.HAL_SPI_Init      stm32f2xx_hal_spi.o
    0x08004cd2   0x00000002   PAD
    0x08004cd4   0x00000160   Code   RO          943    i.HAL_SPI_MspInit   spi.o
    0x08004e34   0x000001d6   Code   RO         4442    i.HAL_SPI_Receive   stm32f2xx_hal_spi.o
    0x0800500a   0x00000288   Code   RO         4447    i.HAL_SPI_TransmitReceive  stm32f2xx_hal_spi.o
    0x08005292   0x00000002   Code   RO         3391    i.HAL_SYSTICK_Callback  stm32f2xx_hal_cortex.o
    0x08005294   0x00000028   Code   RO         3392    i.HAL_SYSTICK_Config  stm32f2xx_hal_cortex.o
    0x080052bc   0x00000008   Code   RO         3393    i.HAL_SYSTICK_IRQHandler  stm32f2xx_hal_cortex.o
    0x080052c4   0x00000002   Code   RO         5709    i.HAL_TIMEx_BreakCallback  stm32f2xx_hal_tim_ex.o
    0x080052c6   0x00000002   Code   RO         5710    i.HAL_TIMEx_CommutationCallback  stm32f2xx_hal_tim_ex.o
    0x080052c8   0x00000050   Code   RO         5727    i.HAL_TIMEx_MasterConfigSynchronization  stm32f2xx_hal_tim_ex.o
    0x08005318   0x00000030   Code   RO         5095    i.HAL_TIM_Base_Init  stm32f2xx_hal_tim.o
    0x08005348   0x00000068   Code   RO         2324    i.HAL_TIM_Base_MspInit  timcore.o
    0x080053b0   0x0000001a   Code   RO         5098    i.HAL_TIM_Base_Start  stm32f2xx_hal_tim.o
    0x080053ca   0x00000018   Code   RO         5100    i.HAL_TIM_Base_Start_IT  stm32f2xx_hal_tim.o
    0x080053e2   0x00000002   Code   RO         5127    i.HAL_TIM_IC_CaptureCallback  stm32f2xx_hal_tim.o
    0x080053e4   0x0000017a   Code   RO         5140    i.HAL_TIM_IRQHandler  stm32f2xx_hal_tim.o
    0x0800555e   0x00000002   Code   RO         5143    i.HAL_TIM_OC_DelayElapsedCallback  stm32f2xx_hal_tim.o
    0x08005560   0x00000002   Code   RO         5170    i.HAL_TIM_PWM_PulseFinishedCallback  stm32f2xx_hal_tim.o
    0x08005562   0x00000004   Code   RO         2372    i.HAL_TIM_PeriodElapsedCallback  calc_vibration.o
    0x08005566   0x00000002   Code   RO         5180    i.HAL_TIM_TriggerCallback  stm32f2xx_hal_tim.o
    0x08005568   0x00000002   Code   RO         6173    i.HAL_UART_ErrorCallback  stm32f2xx_hal_uart.o
    0x0800556a   0x000000f6   Code   RO         6176    i.HAL_UART_IRQHandler  stm32f2xx_hal_uart.o
    0x08005660   0x0000005c   Code   RO         6177    i.HAL_UART_Init     stm32f2xx_hal_uart.o
    0x080056bc   0x000000d0   Code   RO         1025    i.HAL_UART_MspInit  usart.o
    0x0800578c   0x0000008c   Code   RO         6181    i.HAL_UART_Receive_DMA  stm32f2xx_hal_uart.o
    0x08005818   0x00000010   Code   RO         2638    i.HAL_UART_RxCpltCallback  usart_work.o
    0x08005828   0x00000002   Code   RO         6184    i.HAL_UART_RxHalfCpltCallback  stm32f2xx_hal_uart.o
    0x0800582a   0x00000002   PAD
    0x0800582c   0x000000cc   Code   RO         6185    i.HAL_UART_Transmit  stm32f2xx_hal_uart.o
    0x080058f8   0x00000002   Code   RO         6188    i.HAL_UART_TxCpltCallback  stm32f2xx_hal_uart.o
    0x080058fa   0x00000002   PAD
    0x080058fc   0x000000b0   Code   RO         1572    i.HOLT_CORE_handleSlotTD  holtcore.o
    0x080059ac   0x00000044   Code   RO         1708    i.Init_Driver       nand_mt29f_lld.o
    0x080059f0   0x00000044   Code   RO         2639    i.Init_Koeff        usart_work.o
    0x08005a34   0x0000009e   Code   RO         2272    i.MAP_add           map.o
    0x08005ad2   0x00000046   Code   RO         2273    i.MAP_binarySearch  map.o
    0x08005b18   0x0000001e   Code   RO         2274    i.MAP_getElement    map.o
    0x08005b36   0x00000008   Code   RO         2275    i.MAP_init          map.o
    0x08005b3e   0x00000002   PAD
    0x08005b40   0x00000070   Code   RO         2598    i.MX_ADC3_Init      adc.o
    0x08005bb0   0x00000094   Code   RO           15    i.MX_CAN1_Init      can.o
    0x08005c44   0x00000034   Code   RO          988    i.MX_DAC_Init       dac.o
    0x08005c78   0x000000b8   Code   RO          179    i.MX_DMA_Init       dma.o
    0x08005d30   0x0000016c   Code   RO          249    i.MX_GPIO_Init      gpio.o
    0x08005e9c   0x00000014   Code   RO          492    i.MX_RNG_Init       rng.o
    0x08005eb0   0x00000038   Code   RO          944    i.MX_SPI1_Init      spi.o
    0x08005ee8   0x00000038   Code   RO          945    i.MX_SPI3_Init      spi.o
    0x08005f20   0x0000002c   Code   RO         2325    i.MX_TIM3_Init      timcore.o
    0x08005f4c   0x0000002c   Code   RO         2326    i.MX_TIM7_Init      timcore.o
    0x08005f78   0x00000028   Code   RO         1026    i.MX_UART4_Init     usart.o
    0x08005fa0   0x00000038   Code   RO          528    i.MX_USB_DEVICE_Init  usb_device.o
    0x08005fd8   0x0000007c   Code   RO         1709    i.NAND_Block_Erase  nand_mt29f_lld.o
    0x08006054   0x000000ac   Code   RO         1726    i.NAND_Page_Program  nand_mt29f_lld.o
    0x08006100   0x0000009c   Code   RO         1727    i.NAND_Page_Read    nand_mt29f_lld.o
    0x0800619c   0x00000034   Code   RO         1729    i.NAND_Read_ID_ONFI  nand_mt29f_lld.o
    0x080061d0   0x00000198   Code   RO         1731    i.NAND_Read_Param_Page  nand_mt29f_lld.o
    0x08006368   0x00000028   Code   RO         1732    i.NAND_Read_Status  nand_mt29f_lld.o
    0x08006390   0x0000001c   Code   RO         1735    i.NAND_Reset        nand_mt29f_lld.o
    0x080063ac   0x000000b0   Code   RO         1737    i.NAND_Spare_Program  nand_mt29f_lld.o
    0x0800645c   0x000000a0   Code   RO         1738    i.NAND_Spare_Read   nand_mt29f_lld.o
    0x080064fc   0x00000020   Code   RO         3394    i.NVIC_SetPriority  stm32f2xx_hal_cortex.o
    0x0800651c   0x00000018   Code   RO          392    i.OTG_HS_IRQHandler  stm32f2xx_it.o
    0x08006534   0x00000020   Code   RO         2373    i.OV                calc_vibration.o
    0x08006554   0x00000096   Code   RO         3984    i.PCD_WriteEmptyTxFifo  stm32f2xx_hal_pcd.o
    0x080065ea   0x00000002   PAD
    0x080065ec   0x00000140   Code   RO         1742    i.PLATFORM_Init     nand_mt29f_lld.o
    0x0800672c   0x00000018   Code   RO         1748    i.PLATFORM_Wait     nand_mt29f_lld.o
    0x08006744   0x00000044   Code   RO         2547    i.RELE_OFF          vsk.o
    0x08006788   0x0000004c   Code   RO         2374    i.Read_ADC_1        calc_vibration.o
    0x080067d4   0x0000004c   Code   RO         2375    i.Read_ADC_2        calc_vibration.o
    0x08006820   0x000000ac   Code   RO         2548    i.SKZ_1             vsk.o
    0x080068cc   0x000000ac   Code   RO         2549    i.SKZ_2             vsk.o
    0x08006978   0x00000018   Code   RO          393    i.SPI1_IRQHandler   stm32f2xx_it.o
    0x08006990   0x00000018   Code   RO          394    i.SPI3_IRQHandler   stm32f2xx_it.o
    0x080069a8   0x00000094   Code   RO         4463    i.SPI_WaitOnFlagUntilTimeout  stm32f2xx_hal_spi.o
    0x08006a3c   0x00000080   Code   RO         2550    i.Sinus_calculate   vsk.o
    0x08006abc   0x0000000e   Code   RO          395    i.SysTick_Handler   stm32f2xx_it.o
    0x08006aca   0x0000004a   Code   RO          272    i.SystemClock_Config  main.o
    0x08006b14   0x00000048   Code   RO         2831    i.SystemInit        system_stm32f2xx.o
    0x08006b5c   0x000001c4   Code   RO         2376    i.TIM3_IRQHandler   calc_vibration.o
    0x08006d20   0x00000048   Code   RO         2327    i.TIM6_Config       timcore.o
    0x08006d68   0x000001f0   Code   RO         2377    i.TIM7_IRQHandler   calc_vibration.o
    0x08006f58   0x000000c0   Code   RO         5181    i.TIM_Base_SetConfig  stm32f2xx_hal_tim.o
    0x08007018   0x000000c0   Code   RO           16    i.Thread_CAN_out    can.o
    0x080070d8   0x00000240   Code   RO         2551    i.Thread_Control    vsk.o
    0x08007318   0x0000000c   Code   RO          396    i.UART4_IRQHandler  stm32f2xx_it.o
    0x08007324   0x00000022   Code   RO         6190    i.UART_DMAError     stm32f2xx_hal_uart.o
    0x08007346   0x0000002a   Code   RO         6191    i.UART_DMAReceiveCplt  stm32f2xx_hal_uart.o
    0x08007370   0x0000000a   Code   RO         6192    i.UART_DMARxHalfCplt  stm32f2xx_hal_uart.o
    0x0800737a   0x000000c8   Code   RO         6195    i.UART_Receive_IT   stm32f2xx_hal_uart.o
    0x08007442   0x00000002   PAD
    0x08007444   0x00000178   Code   RO         6196    i.UART_SetConfig    stm32f2xx_hal_uart.o
    0x080075bc   0x000000a2   Code   RO         6197    i.UART_Transmit_IT  stm32f2xx_hal_uart.o
    0x0800765e   0x0000008a   Code   RO         6198    i.UART_WaitOnFlagUntilTimeout  stm32f2xx_hal_uart.o
    0x080076e8   0x0000001a   Code   RO         6394    i.USBD_CDC_DataIn   usbd_cdc.o
    0x08007702   0x0000002e   Code   RO         6395    i.USBD_CDC_DataOut  usbd_cdc.o
    0x08007730   0x0000003c   Code   RO         6396    i.USBD_CDC_DeInit   usbd_cdc.o
    0x0800776c   0x00000024   Code   RO         6397    i.USBD_CDC_EP0_RxReady  usbd_cdc.o
    0x08007790   0x0000000c   Code   RO         6398    i.USBD_CDC_GetDeviceQualifierDescriptor  usbd_cdc.o
    0x0800779c   0x0000000c   Code   RO         6399    i.USBD_CDC_GetFSCfgDesc  usbd_cdc.o
    0x080077a8   0x0000000c   Code   RO         6400    i.USBD_CDC_GetHSCfgDesc  usbd_cdc.o
    0x080077b4   0x0000000c   Code   RO         6401    i.USBD_CDC_GetOtherSpeedCfgDesc  usbd_cdc.o
    0x080077c0   0x00000088   Code   RO         6402    i.USBD_CDC_Init     usbd_cdc.o
    0x08007848   0x00000028   Code   RO         6403    i.USBD_CDC_ReceivePacket  usbd_cdc.o
    0x08007870   0x00000010   Code   RO         6404    i.USBD_CDC_RegisterInterface  usbd_cdc.o
    0x08007880   0x0000000c   Code   RO         6405    i.USBD_CDC_SetRxBuffer  usbd_cdc.o
    0x0800788c   0x00000010   Code   RO         6406    i.USBD_CDC_SetTxBuffer  usbd_cdc.o
    0x0800789c   0x0000004c   Code   RO         6407    i.USBD_CDC_Setup    usbd_cdc.o
    0x080078e8   0x00000030   Code   RO         6408    i.USBD_CDC_TransmitPacket  usbd_cdc.o
    0x08007918   0x0000000e   Code   RO         6502    i.USBD_ClrClassConfig  usbd_core.o
    0x08007926   0x00000010   Code   RO         6697    i.USBD_CtlContinueRx  usbd_ioreq.o
    0x08007936   0x00000010   Code   RO         6698    i.USBD_CtlContinueSendData  usbd_ioreq.o
    0x08007946   0x00000016   Code   RO         6636    i.USBD_CtlError     usbd_ctlreq.o
    0x0800795c   0x0000001e   Code   RO         6699    i.USBD_CtlPrepareRx  usbd_ioreq.o
    0x0800797a   0x00000016   Code   RO         6700    i.USBD_CtlReceiveStatus  usbd_ioreq.o
    0x08007990   0x0000001a   Code   RO         6701    i.USBD_CtlSendData  usbd_ioreq.o
    0x080079aa   0x00000016   Code   RO         6702    i.USBD_CtlSendStatus  usbd_ioreq.o
    0x080079c0   0x000000e0   Code   RO         6637    i.USBD_GetDescriptor  usbd_ctlreq.o
    0x08007aa0   0x00000046   Code   RO         6638    i.USBD_GetString    usbd_ctlreq.o
    0x08007ae6   0x00000002   PAD
    0x08007ae8   0x00000028   Code   RO          872    i.USBD_HS_ConfigStrDescriptor  usbd_desc.o
    0x08007b10   0x0000000c   Code   RO          873    i.USBD_HS_DeviceDescriptor  usbd_desc.o
    0x08007b1c   0x0000002c   Code   RO          874    i.USBD_HS_InterfaceStrDescriptor  usbd_desc.o
    0x08007b48   0x0000000c   Code   RO          875    i.USBD_HS_LangIDStrDescriptor  usbd_desc.o
    0x08007b54   0x00000020   Code   RO          876    i.USBD_HS_ManufacturerStrDescriptor  usbd_desc.o
    0x08007b74   0x00000020   Code   RO          877    i.USBD_HS_ProductStrDescriptor  usbd_desc.o
    0x08007b94   0x00000024   Code   RO          878    i.USBD_HS_SerialStrDescriptor  usbd_desc.o
    0x08007bb8   0x0000002a   Code   RO         6504    i.USBD_Init         usbd_core.o
    0x08007be2   0x0000000e   Code   RO          700    i.USBD_LL_ClearStallEP  usbd_conf.o
    0x08007bf0   0x0000000e   Code   RO          701    i.USBD_LL_CloseEP   usbd_conf.o
    0x08007bfe   0x000000a0   Code   RO         6505    i.USBD_LL_DataInStage  usbd_core.o
    0x08007c9e   0x0000006a   Code   RO         6506    i.USBD_LL_DataOutStage  usbd_core.o
    0x08007d08   0x00000004   Code   RO         6507    i.USBD_LL_DevConnected  usbd_core.o
    0x08007d0c   0x00000016   Code   RO         6508    i.USBD_LL_DevDisconnected  usbd_core.o
    0x08007d22   0x00000008   Code   RO          705    i.USBD_LL_GetRxDataSize  usbd_conf.o
    0x08007d2a   0x00000002   PAD
    0x08007d2c   0x00000064   Code   RO          706    i.USBD_LL_Init      usbd_conf.o
    0x08007d90   0x00000020   Code   RO          707    i.USBD_LL_IsStallEP  usbd_conf.o
    0x08007db0   0x00000004   Code   RO         6509    i.USBD_LL_IsoINIncomplete  usbd_core.o
    0x08007db4   0x00000004   Code   RO         6510    i.USBD_LL_IsoOUTIncomplete  usbd_core.o
    0x08007db8   0x00000014   Code   RO          708    i.USBD_LL_OpenEP    usbd_conf.o
    0x08007dcc   0x0000000e   Code   RO          709    i.USBD_LL_PrepareReceive  usbd_conf.o
    0x08007dda   0x0000003e   Code   RO         6511    i.USBD_LL_Reset     usbd_core.o
    0x08007e18   0x0000000c   Code   RO         6512    i.USBD_LL_Resume    usbd_core.o
    0x08007e24   0x00000018   Code   RO         6513    i.USBD_LL_SOF       usbd_core.o
    0x08007e3c   0x00000006   Code   RO         6514    i.USBD_LL_SetSpeed  usbd_core.o
    0x08007e42   0x0000000e   Code   RO          710    i.USBD_LL_SetUSBAddress  usbd_conf.o
    0x08007e50   0x0000005a   Code   RO         6515    i.USBD_LL_SetupStage  usbd_core.o
    0x08007eaa   0x0000000e   Code   RO          711    i.USBD_LL_StallEP   usbd_conf.o
    0x08007eb8   0x0000000e   Code   RO          712    i.USBD_LL_Start     usbd_conf.o
    0x08007ec6   0x00000012   Code   RO         6516    i.USBD_LL_Suspend   usbd_core.o
    0x08007ed8   0x0000000e   Code   RO          714    i.USBD_LL_Transmit  usbd_conf.o
    0x08007ee6   0x00000028   Code   RO         6639    i.USBD_ParseSetupRequest  usbd_ctlreq.o
    0x08007f0e   0x00000010   Code   RO         6517    i.USBD_RegisterClass  usbd_core.o
    0x08007f1e   0x00000016   Code   RO         6519    i.USBD_SetClassConfig  usbd_core.o
    0x08007f34   0x00000074   Code   RO         6640    i.USBD_SetConfig    usbd_ctlreq.o
    0x08007fa8   0x0000000a   Code   RO         6520    i.USBD_Start        usbd_core.o
    0x08007fb2   0x000000f2   Code   RO         6641    i.USBD_StdDevReq    usbd_ctlreq.o
    0x080080a4   0x000000c0   Code   RO         6642    i.USBD_StdEPReq     usbd_ctlreq.o
    0x08008164   0x00000034   Code   RO         6643    i.USBD_StdItfReq    usbd_ctlreq.o
    0x08008198   0x00000080   Code   RO         4741    i.USB_ActivateEndpoint  stm32f2xx_ll_usb.o
    0x08008218   0x00000034   Code   RO         4742    i.USB_ActivateSetup  stm32f2xx_ll_usb.o
    0x0800824c   0x0000003c   Code   RO         2068    i.USB_CORE_0x01     usbcore.o
    0x08008288   0x0000002a   Code   RO         2069    i.USB_CORE_0x04     usbcore.o
    0x080082b2   0x0000004a   Code   RO         2070    i.USB_CORE_0x05     usbcore.o
    0x080082fc   0x00000024   Code   RO         2071    i.USB_CORE_0x07     usbcore.o
    0x08008320   0x00000026   Code   RO         2072    i.USB_CORE_0x08     usbcore.o
    0x08008346   0x00000002   PAD
    0x08008348   0x00000038   Code   RO         2073    i.USB_CORE_0x09     usbcore.o
    0x08008380   0x00000090   Code   RO         2074    i.USB_CORE_0x1A     usbcore.o
    0x08008410   0x00000020   Code   RO         2075    i.USB_CORE_0x1B     usbcore.o
    0x08008430   0x00000038   Code   RO         2076    i.USB_CORE_0x1C     usbcore.o
    0x08008468   0x00000020   Code   RO         2077    i.USB_CORE_0x1D     usbcore.o
    0x08008488   0x00000040   Code   RO         2078    i.USB_CORE_0x1E     usbcore.o
    0x080084c8   0x00000038   Code   RO         2079    i.USB_CORE_0x1F     usbcore.o
    0x08008500   0x00000054   Code   RO         2080    i.USB_CORE_0x20     usbcore.o
    0x08008554   0x0000003c   Code   RO         2081    i.USB_CORE_0xFE     usbcore.o
    0x08008590   0x0000004c   Code   RO         2082    i.USB_CORE_ErasePage  usbcore.o
    0x080085dc   0x00000088   Code   RO         2083    i.USB_CORE_FillConfigurationTable  usbcore.o
    0x08008664   0x00000088   Code   RO         2084    i.USB_CORE_FillDataTypes  usbcore.o
    0x080086ec   0x000000d4   Code   RO         2085    i.USB_CORE_FillFatPacket  usbcore.o
    0x080087c0   0x00000044   Code   RO         2086    i.USB_CORE_FillSmdPacket  usbcore.o
    0x08008804   0x00000084   Code   RO         2087    i.USB_CORE_FillSsd  usbcore.o
    0x08008888   0x00000040   Code   RO         2088    i.USB_CORE_FillSsdPacket  usbcore.o
    0x080088c8   0x00000010   Code   RO         2090    i.USB_CORE_clearPacket  usbcore.o
    0x080088d8   0x00000018   Code   RO         2091    i.USB_CORE_clearPacketIndex  usbcore.o
    0x080088f0   0x00000028   Code   RO         2092    i.USB_CORE_getPacketToPrepare  usbcore.o
    0x08008918   0x00000028   Code   RO         2093    i.USB_CORE_getPacketToSent  usbcore.o
    0x08008940   0x000001c4   Code   RO         2094    i.USB_CORE_init     usbcore.o
    0x08008b04   0x00000020   Code   RO         2095    i.USB_CORE_initPacketManeger  usbcore.o
    0x08008b24   0x00000038   Code   RO         2096    i.USB_CORE_prepareNextPacket  usbcore.o
    0x08008b5c   0x00000074   Code   RO         2097    i.USB_CORE_requestHandler  usbcore.o
    0x08008bd0   0x00000054   Code   RO         2098    i.USB_CORE_sendPacket  usbcore.o
    0x08008c24   0x0000006c   Code   RO         4744    i.USB_CoreInit      stm32f2xx_ll_usb.o
    0x08008c90   0x00000038   Code   RO         4745    i.USB_CoreReset     stm32f2xx_ll_usb.o
    0x08008cc8   0x0000006e   Code   RO         4747    i.USB_DeactivateEndpoint  stm32f2xx_ll_usb.o
    0x08008d36   0x00000018   Code   RO         4748    i.USB_DevConnect    stm32f2xx_ll_usb.o
    0x08008d4e   0x00000018   Code   RO         4749    i.USB_DevDisconnect  stm32f2xx_ll_usb.o
    0x08008d66   0x00000002   PAD
    0x08008d68   0x00000144   Code   RO         4750    i.USB_DevInit       stm32f2xx_ll_usb.o
    0x08008eac   0x0000000c   Code   RO         4751    i.USB_DisableGlobalInt  stm32f2xx_ll_usb.o
    0x08008eb8   0x00000140   Code   RO         4754    i.USB_EP0StartXfer  stm32f2xx_ll_usb.o
    0x08008ff8   0x0000003e   Code   RO         4755    i.USB_EP0_OutStart  stm32f2xx_ll_usb.o
    0x08009036   0x00000064   Code   RO         4756    i.USB_EPClearStall  stm32f2xx_ll_usb.o
    0x0800909a   0x0000005e   Code   RO         4757    i.USB_EPSetStall    stm32f2xx_ll_usb.o
    0x080090f8   0x0000021c   Code   RO         4758    i.USB_EPStartXfer   stm32f2xx_ll_usb.o
    0x08009314   0x0000000c   Code   RO         4759    i.USB_EnableGlobalInt  stm32f2xx_ll_usb.o
    0x08009320   0x00000020   Code   RO         4760    i.USB_FlushRxFifo   stm32f2xx_ll_usb.o
    0x08009340   0x00000024   Code   RO         4761    i.USB_FlushTxFifo   stm32f2xx_ll_usb.o
    0x08009364   0x0000003c   Code   RO         4763    i.USB_GetDevSpeed   stm32f2xx_ll_usb.o
    0x080093a0   0x00000008   Code   RO         4765    i.USB_GetMode       stm32f2xx_ll_usb.o
    0x080093a8   0x0000000e   Code   RO         4772    i.USB_ReadDevAllInEpInterrupt  stm32f2xx_ll_usb.o
    0x080093b6   0x0000000e   Code   RO         4773    i.USB_ReadDevAllOutEpInterrupt  stm32f2xx_ll_usb.o
    0x080093c4   0x0000001e   Code   RO         4774    i.USB_ReadDevInEPInterrupt  stm32f2xx_ll_usb.o
    0x080093e2   0x00000010   Code   RO         4775    i.USB_ReadDevOutEPInterrupt  stm32f2xx_ll_usb.o
    0x080093f2   0x00000008   Code   RO         4776    i.USB_ReadInterrupts  stm32f2xx_ll_usb.o
    0x080093fa   0x00000020   Code   RO         4777    i.USB_ReadPacket    stm32f2xx_ll_usb.o
    0x0800941a   0x0000002c   Code   RO         4779    i.USB_SetCurrentMode  stm32f2xx_ll_usb.o
    0x08009446   0x00000022   Code   RO         4780    i.USB_SetDevAddress  stm32f2xx_ll_usb.o
    0x08009468   0x00000028   Code   RO         4784    i.USB_WritePacket   stm32f2xx_ll_usb.o
    0x08009490   0x00000014   Code   RO         2640    i.Work_Usart        usart_work.o
    0x080094a4   0x00000028   Code   RO         7388    i.__ARM_fpclassify  m_ws.l(fpclassify.o)
    0x080094cc   0x0000001a   Code   RO         1749    i.__as_string       nand_mt29f_lld.o
    0x080094e6   0x0000000e   Code   RO         1751    i.__as_uint32       nand_mt29f_lld.o
    0x080094f4   0x00000104   Code   RO         1752    i.__build_cycle_addr  nand_mt29f_lld.o
    0x080095f8   0x00000388   Code   RO         7328    i.__ieee754_rem_pio2  m_ws.l(rred.o)
    0x08009980   0x0000002c   Code   RO         1754    i.__is_valid_addr   nand_mt29f_lld.o
    0x080099ac   0x000000fc   Code   RO         7311    i.__kernel_cos      m_ws.l(cos_i.o)
    0x08009aa8   0x000000aa   Code   RO         7390    i.__kernel_poly     m_ws.l(poly.o)
    0x08009b52   0x00000002   PAD
    0x08009b54   0x000000ec   Code   RO         7333    i.__kernel_sin      m_ws.l(sin_i.o)
    0x08009c40   0x00000006   Code   RO         7315    i.__mathlib_dbl_infnan  m_ws.l(dunder.o)
    0x08009c46   0x0000000c   Code   RO         7317    i.__mathlib_dbl_invalid  m_ws.l(dunder.o)
    0x08009c52   0x00000002   PAD
    0x08009c54   0x00000010   Code   RO         7320    i.__mathlib_dbl_underflow  m_ws.l(dunder.o)
    0x08009c64   0x0000000e   Code   RO         7402    i.__scatterload_copy  mc_w.l(handlers.o)
    0x08009c72   0x00000002   Code   RO         7403    i.__scatterload_null  mc_w.l(handlers.o)
    0x08009c74   0x0000000e   Code   RO         7404    i.__scatterload_zeroinit  mc_w.l(handlers.o)
    0x08009c82   0x00000002   PAD
    0x08009c84   0x0000000c   Code   RO         7370    i.__set_errno       mc_w.l(errno.o)
    0x08009c90   0x00000038   Code   RO         1755    i.__wait_for_ready  nand_mt29f_lld.o
    0x08009cc8   0x00000084   Code   RO         1077    i.fillConfTable     core.o
    0x08009d4c   0x00000010   Code   RO         2642    i.flash_ready       usart_work.o
    0x08009d5c   0x00000050   Code   RO         7251    i.free              mc_w.l(malloc.o)
    0x08009dac   0x00000014   Code   RO         2378    i.getAvarage_1_canal  calc_vibration.o
    0x08009dc0   0x00000014   Code   RO         2379    i.getAvarage_2_canal  calc_vibration.o
    0x08009dd4   0x00000098   Code   RO         2464    i.iir_1_canal       iir_filter.o
    0x08009e6c   0x00000098   Code   RO         2465    i.iir_2_canal       iir_filter.o
    0x08009f04   0x00000074   Code   RO          273    i.main              main.o
    0x08009f78   0x0000006c   Code   RO         7252    i.malloc            mc_w.l(malloc.o)
    0x08009fe4   0x0000002a   Code   RO         2726    i.rbInit            ringbuffer.o
    0x0800a00e   0x00000020   Code   RO         2727    i.rbPop             ringbuffer.o
    0x0800a02e   0x00000024   Code   RO         2728    i.rbPopN            ringbuffer.o
    0x0800a052   0x0000001e   Code   RO         2733    i.rbPush            ringbuffer.o
    0x0800a070   0x00000024   Code   RO         2734    i.rbPushN           ringbuffer.o
    0x0800a094   0x00000008   Code   RO         2735    i.rbReadCapacity    ringbuffer.o
    0x0800a09c   0x00000016   Code   RO         2736    i.rbRoundNextPowerof2  ringbuffer.o
    0x0800a0b2   0x00000002   PAD
    0x0800a0b4   0x000000a0   Code   RO         6956    i.sin               m_ws.l(sin.o)
    0x0800a154   0x0000004c   Code   RO         6964    i.sqrt              m_ws.l(sqrt.o)
    0x0800a1a0   0x00000400   Data   RO         1211    .constdata          crc.o
    0x0800a5a0   0x00000090   Data   RO         2467    .constdata          iir_filter.o
    0x0800a630   0x00000010   Data   RO         4317    .constdata          stm32f2xx_hal_rcc.o
    0x0800a640   0x00000030   Data   RO         7312    .constdata          m_ws.l(cos_i.o)
    0x0800a670   0x000000c8   Data   RO         7330    .constdata          m_ws.l(rred.o)
    0x0800a738   0x00000028   Data   RO         7334    .constdata          m_ws.l(sin_i.o)
    0x0800a760   0x00000020   Data   RO         7400    Region$$Table       anon$$obj.o


    Execution Region RW_IRAM1 (Base: 0x20000000, Size: 0x0001d918, Max: 0x00020000, ABSOLUTE, COMPRESSED[0x000001cc])

    Base Addr    Size         Type   Attr      Idx    E Section Name        Object

    0x20000000   0x00000008   Data   RW           18    .data               can.o
    0x20000008   0x00000008   Data   RW          210    .data               fsmc.o
    0x20000010   0x00000004   Data   RW          274    .data               main.o
    0x20000014   0x00000008   Data   RW          493    .data               rng.o
    0x2000001c   0x00000010   Data   RW          587    .data               usbd_cdc_if.o
    0x2000002c   0x00000004   Data   RW          588    .data               usbd_cdc_if.o
    0x20000030   0x0000001c   Data   RW          880    .data               usbd_desc.o
    0x2000004c   0x00000016   Data   RW          881    .data               usbd_desc.o
    0x20000062   0x00000002   PAD
    0x20000064   0x00000024   Data   RW         1081    .data               core.o
    0x20000088   0x00000100   Data   RW         1212    .data               crc.o
    0x20000188   0x00000001   Data   RW         1757    .data               nand_mt29f_lld.o
    0x20000189   0x00000003   PAD
    0x2000018c   0x00000008   Data   RW         2100    .data               usbcore.o
    0x20000194   0x00000064   Data   RW         2381    .data               calc_vibration.o
    0x200001f8   0x0000002c   Data   RW         2553    .data               vsk.o
    0x20000224   0x0000000a   Data   RW         2644    .data               usart_work.o
    0x2000022e   0x00000002   PAD
    0x20000230   0x00000014   Data   RW         2832    .data               system_stm32f2xx.o
    0x20000244   0x00000004   Data   RW         2880    .data               stm32f2xx_hal.o
    0x20000248   0x000000a7   Data   RW         6410    .data               usbd_cdc.o
    0x200002ef   0x00000001   PAD
    0x200002f0   0x00000038   Data   RW         6411    .data               usbd_cdc.o
    0x20000328   0x00000001   Data   RW         6644    .data               usbd_ctlreq.o
    0x20000329   0x00000003   PAD
    0x2000032c   0x00000004   Data   RW         7366    .data               mc_w.l(mvars.o)
    0x20000330   0x00000004   Data   RW         7367    .data               mc_w.l(mvars.o)
    0x20000334   0x00000004   Data   RW         7371    .data               mc_w.l(errno.o)
    0x20000338   0x000000b0   Zero   RW           17    .bss                can.o
    0x200003e8   0x000000a0   Zero   RW          180    .bss                dma.o
    0x20000488   0x00000224   Zero   RW          529    .bss                usb_device.o
    0x200006ac   0x00000400   Zero   RW          586    .bss                usbd_cdc_if.o
    0x20000aac   0x000003b0   Zero   RW          715    .bss                usbd_conf.o
    0x20000e5c   0x00000200   Zero   RW          879    .bss                usbd_desc.o
    0x2000105c   0x000001e8   Zero   RW          946    .bss                spi.o
    0x20001244   0x00000064   Zero   RW          989    .bss                dac.o
    0x200012a8   0x000000dc   Zero   RW         1027    .bss                usart.o
    0x20001384   0x000047c0   Zero   RW         1079    .bss                core.o
    0x20005b44   0x00002188   Zero   RW         1080    .bss                core.o
    0x20007ccc   0x00000200   Zero   RW         1381    .bss                filesystem.o
    0x20007ecc   0x00000098   Zero   RW         1756    .bss                nand_mt29f_lld.o
    0x20007f64   0x000041fc   Zero   RW         2099    .bss                usbcore.o
    0x2000c160   0x000000b4   Zero   RW         2328    .bss                timcore.o
    0x2000c214   0x000070e8   Zero   RW         2380    .bss                calc_vibration.o
    0x200132fc   0x00000090   Zero   RW         2466    .bss                iir_filter.o
    0x2001338c   0x000004d0   Zero   RW         2552    .bss                vsk.o
    0x2001385c   0x00000094   Zero   RW         2599    .bss                adc.o
    0x200138f0   0x0000000a   Zero   RW         2643    .bss                usart_work.o
    0x200138fa   0x00000002   PAD
    0x200138fc   0x00000018   Zero   RW         3619    .bss                stm32f2xx_hal_flash.o
    0x20013914   0x00000004   PAD
    0x20013918   0x00004000   Zero   RW            2    HEAP                startup_stm32f215xx.o
    0x20017918   0x00006000   Zero   RW            1    STACK               startup_stm32f215xx.o


==============================================================================

Image component sizes


      Code (inc. data)   RO Data    RW Data    ZI Data      Debug   Object Name

       236         32          0          0        148       1563   adc.o
      1432        272          0        100      28904       8909   calc_vibration.o
       524         74          0          8        176     387377   can.o
       858        108          0         36      26952       9129   core.o
        82         14       1024        256          0       2630   crc.o
       204         30          0          0        100       1621   dac.o
       184         14          0          0        160        814   dma.o
      1522         18          0          0        512      18299   filesystem.o
       128         22          0          8          0       1487   fsmc.o
       364         32          0          0          0        659   gpio.o
       176          0          0          0          0       3017   holtcore.o
       304         16        144          0        144       1460   iir_filter.o
       190          6          0          4          0      18242   main.o
       266          0          0          0          0       2885   map.o
      2128        186          0          1        152      20238   nand_mt29f_lld.o
       206          0          0          0          0       4167   ringbuffer.o
        48         16          0          8          0       1227   rng.o
       464         58          0          0        488       2226   spi.o
        36          8        392          0      40960        900   startup_stm32f215xx.o
       158         38          0          4          0       3968   stm32f2xx_hal.o
       846         32          0          0          0       6417   stm32f2xx_hal_adc.o
      1900         36          0          0          0       7308   stm32f2xx_hal_can.o
       248         14          0          0          0      29516   stm32f2xx_hal_cortex.o
       432         30          0          0          0       6493   stm32f2xx_hal_dac.o
        56          0          0          0          0       3613   stm32f2xx_hal_dac_ex.o
      3762         60          0          0          0       4243   stm32f2xx_hal_dma.o
       480         64          0          0         24       6118   stm32f2xx_hal_flash.o
        96          6          0          0          0        693   stm32f2xx_hal_flash_ex.o
       568         52          0          0          0       3771   stm32f2xx_hal_gpio.o
        92          0          0          0          0       1184   stm32f2xx_hal_nand.o
      2052          0          0          0          0      11925   stm32f2xx_hal_pcd.o
      1536         76         16          0          0      30090   stm32f2xx_hal_rcc.o
        40          0          0          0          0       1015   stm32f2xx_hal_rng.o
      1604          0          0          0          0       6495   stm32f2xx_hal_spi.o
       676         44          0          0          0       6756   stm32f2xx_hal_tim.o
        84          0          0          0          0       2250   stm32f2xx_hal_tim_ex.o
      1650         22          0          0          0      10170   stm32f2xx_hal_uart.o
       254         82          0          0          0       6448   stm32f2xx_it.o
       120          0          0          0          0       2540   stm32f2xx_ll_fsmc.o
      2334         52          0          0          0      18712   stm32f2xx_ll_usb.o
        72         18          0         20          0       1269   system_stm32f2xx.o
       264         48          0          0        180       2470   timcore.o
       248         28          0          0        220       1604   usart.o
       664         58          0         10         10       5979   usart_work.o
        56         18          0          0        548       6603   usb_device.o
      2518        278          0          8      16892      18449   usbcore.o
       560         16          0        223          0      12278   usbd_cdc.o
       104         26          0         20       1024       9185   usbd_cdc_if.o
       502         28          0          0        944      12490   usbd_conf.o
       616          0          0          0          0      11134   usbd_core.o
       958         30          0          1          0       7504   usbd_ctlreq.o
       208        112          0         50        512       4743   usbd_desc.o
       132          0          0          0          0       4192   usbd_ioreq.o
      1116        132          0         44       1232       5129   vsk.o

    ----------------------------------------------------------------------
     36408       2306       1608        812     120288     759604   Object Totals
         0          0         32          0          0          0   (incl. Generated)
        50          0          0         11          6          0   (incl. Padding)

    ----------------------------------------------------------------------

      Code (inc. data)   RO Data    RW Data    ZI Data      Debug   Library Member Name

       252         22         48          0          0        124   cos_i.o
        34          6          0          0          0        204   dunder.o
        40          0          0          0          0         68   fpclassify.o
       170          0          0          0          0         96   poly.o
       904         76        200          0          0        140   rred.o
       160         10          0          0          0        108   sin.o
       236         12         40          0          0        128   sin_i.o
        76          0          0          0          0         84   sqrt.o
        86          0          0          0          0          0   __dczerorl2.o
        28          0          0          0          0         76   calloc.o
         0          0          0          0          0          0   entry.o
         0          0          0          0          0          0   entry10a.o
         0          0          0          0          0          0   entry11a.o
         8          4          0          0          0          0   entry2.o
         4          0          0          0          0          0   entry5.o
         0          0          0          0          0          0   entry7b.o
         0          0          0          0          0          0   entry8b.o
         8          4          0          0          0          0   entry9a.o
        12          6          0          4          0         68   errno.o
        30          0          0          0          0          0   handlers.o
        36          8          0          0          0         68   init.o
         0          0          0          0          0          0   iusefp.o
        30          0          0          0          0         68   llshl.o
        36          0          0          0          0         68   llsshr.o
        32          0          0          0          0         68   llushr.o
       188         20          0          0          0        160   malloc.o
        64          0          0          0          0         76   memmovea.o
        36          0          0          0          0        108   memseta.o
         0          0          0          8          0          0   mvars.o
        28          0          0          0          0         76   strcmp.o
        24          0          0          0          0         76   strncpy.o
        56          0          0          0          0         88   d2f.o
       334          0          0          0          0        148   dadd.o
       222          0          0          0          0        100   ddiv.o
       186          0          0          0          0        176   depilogue.o
        62          0          0          0          0         80   dfixi.o
        50          0          0          0          0         76   dfixui.o
        34          0          0          0          0         76   dflti.o
        26          0          0          0          0         76   dfltui.o
       228          0          0          0          0         96   dmul.o
        46          0          0          0          0         80   dscalb.o
       162          0          0          0          0        100   dsqrt.o
        38          0          0          0          0         68   f2d.o
       176          0          0          0          0        140   fadd.o
       124          0          0          0          0         88   fdiv.o
       110          0          0          0          0        168   fepilogue.o
        40          0          0          0          0         68   ffixui.o
        18          0          0          0          0         68   fflti.o
        10          0          0          0          0         68   ffltui.o
       100          0          0          0          0         76   fmul.o
        24          0          0          0          0         68   fscalb.o

    ----------------------------------------------------------------------
      4576        168        288         12          0       3772   Library Totals
         8          0          0          0          0          0   (incl. Padding)

    ----------------------------------------------------------------------

      Code (inc. data)   RO Data    RW Data    ZI Data      Debug   Library Name

      1872        126        288          0          0        952   m_ws.l
       650         42          0         12          0        912   mc_w.l
      2046          0          0          0          0       1908   mf_w.l

    ----------------------------------------------------------------------
      4576        168        288         12          0       3772   Library Totals

    ----------------------------------------------------------------------

==============================================================================


      Code (inc. data)   RO Data    RW Data    ZI Data      Debug   

     40984       2474       1896        824     120288     740728   Grand Totals
     40984       2474       1896        460     120288     740728   ELF Image Totals (compressed)
     40984       2474       1896        460          0          0   ROM Totals

==============================================================================

    Total RO  Size (Code + RO Data)                42880 (  41.88kB)
    Total RW  Size (RW Data + ZI Data)            121112 ( 118.27kB)
    Total ROM Size (Code + RO Data + RW Data)      43340 (  42.32kB)

==============================================================================

